###############################################################################
#
# IAR ELF Linker V7.70.1.11437/W32 for ARM                19/Jul/2019  16:52:22
# Copyright 2007-2016 IAR Systems AB.
#
#    Output file  =  
#        D:\Freescale\信标\Beacon_C1
#        -NXP\project\Beacon_XBY\iar\RAM\Exe\Beacon_XBY_K60.out
#    Map file     =  
#        D:\Freescale\信标\Beacon_C1
#        -NXP\project\Beacon_XBY\iar\RAM\List\Beacon_XBY_K60.map
#    Command line =  
#        "D:\Freescale\信标\Beacon_C1
#        -NXP\project\Beacon_XBY\iar\RAM\Obj\adc.o"
#        "D:\Freescale\信标\Beacon_C1
#        -NXP\project\Beacon_XBY\iar\RAM\Obj\alloc.o"
#        "D:\Freescale\信标\Beacon_C1
#        -NXP\project\Beacon_XBY\iar\RAM\Obj\assert.o"
#        "D:\Freescale\信标\Beacon_C1
#        -NXP\project\Beacon_XBY\iar\RAM\Obj\avoidance.o"
#        "D:\Freescale\信标\Beacon_C1
#        -NXP\project\Beacon_XBY\iar\RAM\Obj\Beacon_XBY.o"
#        "D:\Freescale\信标\Beacon_C1
#        -NXP\project\Beacon_XBY\iar\RAM\Obj\beep.o"
#        "D:\Freescale\信标\Beacon_C1
#        -NXP\project\Beacon_XBY\iar\RAM\Obj\camera_digital.o"
#        "D:\Freescale\信标\Beacon_C1
#        -NXP\project\Beacon_XBY\iar\RAM\Obj\car_info.o"
#        "D:\Freescale\信标\Beacon_C1
#        -NXP\project\Beacon_XBY\iar\RAM\Obj\car_test.o"
#        "D:\Freescale\信标\Beacon_C1
#        -NXP\project\Beacon_XBY\iar\RAM\Obj\DEV_DiskIO.o"
#        "D:\Freescale\信标\Beacon_C1
#        -NXP\project\Beacon_XBY\iar\RAM\Obj\DEV_LCD.o"
#        "D:\Freescale\信标\Beacon_C1
#        -NXP\project\Beacon_XBY\iar\RAM\Obj\DEV_MAG3110.o"
#        "D:\Freescale\信标\Beacon_C1
#        -NXP\project\Beacon_XBY\iar\RAM\Obj\DEV_MMA7660.o"
#        "D:\Freescale\信标\Beacon_C1
#        -NXP\project\Beacon_XBY\iar\RAM\Obj\DEV_MMA8451.o"
#        "D:\Freescale\信标\Beacon_C1
#        -NXP\project\Beacon_XBY\iar\RAM\Obj\DEV_Nrf24L01.o"
#        "D:\Freescale\信标\Beacon_C1
#        -NXP\project\Beacon_XBY\iar\RAM\Obj\DEV_SCCB.o"
#        "D:\Freescale\信标\Beacon_C1
#        -NXP\project\Beacon_XBY\iar\RAM\Obj\DEV_SDRAM.o"
#        "D:\Freescale\信标\Beacon_C1
#        -NXP\project\Beacon_XBY\iar\RAM\Obj\DEV_Touchscreen.o"
#        "D:\Freescale\信标\Beacon_C1
#        -NXP\project\Beacon_XBY\iar\RAM\Obj\dir_kbi.o"
#        "D:\Freescale\信标\Beacon_C1
#        -NXP\project\Beacon_XBY\iar\RAM\Obj\direction.o"
#        "D:\Freescale\信标\Beacon_C1
#        -NXP\project\Beacon_XBY\iar\RAM\Obj\directional.o"
#        "D:\Freescale\信标\Beacon_C1
#        -NXP\project\Beacon_XBY\iar\RAM\Obj\display.o"
#        "D:\Freescale\信标\Beacon_C1
#        -NXP\project\Beacon_XBY\iar\RAM\Obj\display_image.o"
#        "D:\Freescale\信标\Beacon_C1
#        -NXP\project\Beacon_XBY\iar\RAM\Obj\encoder.o"
#        "D:\Freescale\信标\Beacon_C1
#        -NXP\project\Beacon_XBY\iar\RAM\Obj\FIRE_OV7725_Eagle.o"
#        "D:\Freescale\信标\Beacon_C1
#        -NXP\project\Beacon_XBY\iar\RAM\Obj\flash.o"
#        "D:\Freescale\信标\Beacon_C1
#        -NXP\project\Beacon_XBY\iar\RAM\Obj\general.o"
#        "D:\Freescale\信标\Beacon_C1
#        -NXP\project\Beacon_XBY\iar\RAM\Obj\gpio.o"
#        "D:\Freescale\信标\Beacon_C1
#        -NXP\project\Beacon_XBY\iar\RAM\Obj\GPT.o"
#        "D:\Freescale\信标\Beacon_C1
#        -NXP\project\Beacon_XBY\iar\RAM\Obj\HW_ADC.o"
#        "D:\Freescale\信标\Beacon_C1
#        -NXP\project\Beacon_XBY\iar\RAM\Obj\HW_CAN.o"
#        "D:\Freescale\信标\Beacon_C1
#        -NXP\project\Beacon_XBY\iar\RAM\Obj\HW_DAC.o"
#        "D:\Freescale\信标\Beacon_C1
#        -NXP\project\Beacon_XBY\iar\RAM\Obj\HW_DMA.o"
#        "D:\Freescale\信标\Beacon_C1
#        -NXP\project\Beacon_XBY\iar\RAM\Obj\HW_ENET.o"
#        "D:\Freescale\信标\Beacon_C1
#        -NXP\project\Beacon_XBY\iar\RAM\Obj\HW_FLASH.o"
#        "D:\Freescale\信标\Beacon_C1
#        -NXP\project\Beacon_XBY\iar\RAM\Obj\HW_FLEXBUS.o"
#        "D:\Freescale\信标\Beacon_C1
#        -NXP\project\Beacon_XBY\iar\RAM\Obj\HW_FTM.o"
#        "D:\Freescale\信标\Beacon_C1
#        -NXP\project\Beacon_XBY\iar\RAM\Obj\HW_GPIO.o"
#        "D:\Freescale\信标\Beacon_C1
#        -NXP\project\Beacon_XBY\iar\RAM\Obj\HW_I2C.o"
#        "D:\Freescale\信标\Beacon_C1
#        -NXP\project\Beacon_XBY\iar\RAM\Obj\HW_LPTMR.o"
#        "D:\Freescale\信标\Beacon_C1
#        -NXP\project\Beacon_XBY\iar\RAM\Obj\HW_MCG.o"
#        "D:\Freescale\信标\Beacon_C1
#        -NXP\project\Beacon_XBY\iar\RAM\Obj\HW_NVIC.o"
#        "D:\Freescale\信标\Beacon_C1
#        -NXP\project\Beacon_XBY\iar\RAM\Obj\HW_PDB.o"
#        "D:\Freescale\信标\Beacon_C1
#        -NXP\project\Beacon_XBY\iar\RAM\Obj\HW_PIT.o"
#        "D:\Freescale\信标\Beacon_C1
#        -NXP\project\Beacon_XBY\iar\RAM\Obj\HW_RTC.o"
#        "D:\Freescale\信标\Beacon_C1
#        -NXP\project\Beacon_XBY\iar\RAM\Obj\HW_SDHC.o"
#        "D:\Freescale\信标\Beacon_C1
#        -NXP\project\Beacon_XBY\iar\RAM\Obj\HW_SPI.o"
#        "D:\Freescale\信标\Beacon_C1
#        -NXP\project\Beacon_XBY\iar\RAM\Obj\HW_SYSTICK.o"
#        "D:\Freescale\信标\Beacon_C1
#        -NXP\project\Beacon_XBY\iar\RAM\Obj\HW_TSI.o"
#        "D:\Freescale\信标\Beacon_C1
#        -NXP\project\Beacon_XBY\iar\RAM\Obj\HW_UART.o"
#        "D:\Freescale\信标\Beacon_C1
#        -NXP\project\Beacon_XBY\iar\RAM\Obj\HW_USB.o"
#        "D:\Freescale\信标\Beacon_C1
#        -NXP\project\Beacon_XBY\iar\RAM\Obj\HW_WDOG.o"
#        "D:\Freescale\信标\Beacon_C1
#        -NXP\project\Beacon_XBY\iar\RAM\Obj\I2C.o"
#        "D:\Freescale\信标\Beacon_C1
#        -NXP\project\Beacon_XBY\iar\RAM\Obj\image.o"
#        "D:\Freescale\信标\Beacon_C1
#        -NXP\project\Beacon_XBY\iar\RAM\Obj\inductor.o"
#        "D:\Freescale\信标\Beacon_C1
#        -NXP\project\Beacon_XBY\iar\RAM\Obj\infrared_decode.o"
#        "D:\Freescale\信标\Beacon_C1
#        -NXP\project\Beacon_XBY\iar\RAM\Obj\init.o"
#        "D:\Freescale\信标\Beacon_C1
#        -NXP\project\Beacon_XBY\iar\RAM\Obj\interrupt.o"
#        "D:\Freescale\信标\Beacon_C1 -NXP\project\Beacon_XBY\iar\RAM\Obj\io.o"
#        "D:\Freescale\信标\Beacon_C1
#        -NXP\project\Beacon_XBY\iar\RAM\Obj\led.o"
#        "D:\Freescale\信标\Beacon_C1
#        -NXP\project\Beacon_XBY\iar\RAM\Obj\measure.o"
#        "D:\Freescale\信标\Beacon_C1
#        -NXP\project\Beacon_XBY\iar\RAM\Obj\motor.o"
#        "D:\Freescale\信标\Beacon_C1
#        -NXP\project\Beacon_XBY\iar\RAM\Obj\MPU6050.o"
#        "D:\Freescale\信标\Beacon_C1
#        -NXP\project\Beacon_XBY\iar\RAM\Obj\Nvic.o"
#        "D:\Freescale\信标\Beacon_C1
#        -NXP\project\Beacon_XBY\iar\RAM\Obj\oled.o"
#        "D:\Freescale\信标\Beacon_C1
#        -NXP\project\Beacon_XBY\iar\RAM\Obj\PIT.o"
#        "D:\Freescale\信标\Beacon_C1
#        -NXP\project\Beacon_XBY\iar\RAM\Obj\printf.o"
#        "D:\Freescale\信标\Beacon_C1
#        -NXP\project\Beacon_XBY\iar\RAM\Obj\PWM.o"
#        "D:\Freescale\信标\Beacon_C1
#        -NXP\project\Beacon_XBY\iar\RAM\Obj\queue.o"
#        "D:\Freescale\信标\Beacon_C1
#        -NXP\project\Beacon_XBY\iar\RAM\Obj\relocate.o"
#        "D:\Freescale\信标\Beacon_C1
#        -NXP\project\Beacon_XBY\iar\RAM\Obj\route.o"
#        "D:\Freescale\信标\Beacon_C1
#        -NXP\project\Beacon_XBY\iar\RAM\Obj\rtc.o"
#        "D:\Freescale\信标\Beacon_C1
#        -NXP\project\Beacon_XBY\iar\RAM\Obj\scope.o"
#        "D:\Freescale\信标\Beacon_C1
#        -NXP\project\Beacon_XBY\iar\RAM\Obj\servo.o"
#        "D:\Freescale\信标\Beacon_C1
#        -NXP\project\Beacon_XBY\iar\RAM\Obj\slave_computer.o"
#        "D:\Freescale\信标\Beacon_C1
#        -NXP\project\Beacon_XBY\iar\RAM\Obj\speedfast.o"
#        "D:\Freescale\信标\Beacon_C1
#        -NXP\project\Beacon_XBY\iar\RAM\Obj\startup_K60.o"
#        "D:\Freescale\信标\Beacon_C1
#        -NXP\project\Beacon_XBY\iar\RAM\Obj\stdlib.o"
#        "D:\Freescale\信标\Beacon_C1
#        -NXP\project\Beacon_XBY\iar\RAM\Obj\switch.o"
#        "D:\Freescale\信标\Beacon_C1
#        -NXP\project\Beacon_XBY\iar\RAM\Obj\system_MK60DZ10.o"
#        "D:\Freescale\信标\Beacon_C1
#        -NXP\project\Beacon_XBY\iar\RAM\Obj\tele.o"
#        "D:\Freescale\信标\Beacon_C1
#        -NXP\project\Beacon_XBY\iar\RAM\Obj\TimeStamp.o"
#        "D:\Freescale\信标\Beacon_C1
#        -NXP\project\Beacon_XBY\iar\RAM\Obj\UART.o"
#        "D:\Freescale\信标\Beacon_C1
#        -NXP\project\Beacon_XBY\iar\RAM\Obj\uif.o"
#        "D:\Freescale\信标\Beacon_C1
#        -NXP\project\Beacon_XBY\iar\RAM\Obj\VCAN_SCCB.o" --redirect
#        _Printf=_PrintfFull --redirect _Scanf=_ScanfFull -o
#        "D:\Freescale\信标\Beacon_C1
#        -NXP\project\Beacon_XBY\iar\RAM\Exe\Beacon_XBY_K60.out" --map
#        "D:\Freescale\信标\Beacon_C1
#        -NXP\project\Beacon_XBY\iar\RAM\List\Beacon_XBY_K60.map" --config
#        "D:\Freescale\信标\Beacon_C1
#        -NXP\project\Beacon_XBY\iar\..\..\..\lib\iar_config_files\128KB_Ram.icf"
#        --semihosting --entry __iar_program_start --vfe
#
###############################################################################

*******************************************************************************
*** RUNTIME MODEL ATTRIBUTES
***

CppFlavor       = *
__SystemLibrary = DLib


*******************************************************************************
*** PLACEMENT SUMMARY
***

"A0":  place at 0x1fff0000 { ro section .intvec };
"A1":  place at 0x1fff0410 { ro section .noinit };
"P1":  place in [from 0x1fff0000 to 0x20010000] { ro, block CodeRelocate };
"P2":  place in [from 0x1fff0000 to 0x20010000] {
          rw, block CodeRelocateRam, block CSTACK, block HEAP };
initialize manually with packing = copy, complex ranges { rw };
initialize manually with packing = copy, complex ranges { section .data };
initialize manually with packing = copy, complex ranges { section .textrw };

  Section              Kind        Address     Size  Object
  -------              ----        -------     ----  ------
"A0":                                         0x400
  .intvec              ro code  0x1fff0000    0x400  startup_K60.o [1]
                              - 0x1fff0400    0x400

"P1-P2", part 1 of 4:                           0x4
  .rodata              const    0x1fff0400      0x0  zero_init3.o [5]
  P1-P2 s0                      0x1fff0400      0x4  <Init block>
    __DLIB_PERTHREAD   inited   0x1fff0400      0x4  errno.o [3]
                              - 0x1fff0404      0x4

"A1":                                          0x14
  .noinit              ro code  0x1fff0410     0x10  startup_K60.o [1]
  .noinit              ro code  0x1fff0420      0x4  startup_K60.o [1]
                              - 0x1fff0424     0x14

"P1-P2", part 2 of 4:                       0x17a48
  .text                ro code  0x1fff0424   0x1568  slave_computer.o [1]
  .text                ro code  0x1fff198c     0x90  dir_kbi.o [1]
  .text                ro code  0x1fff1a1c     0x48  flash.o [1]
  .text                ro code  0x1fff1a64     0x32  I32ToFlt.o [4]
  .text                ro code  0x1fff1a98    0xed8  oled.o [1]
  .text                ro code  0x1fff2970     0x40  stdlib.o [1]
  .text                ro code  0x1fff29b0     0x56  ABImemcpy_unaligned.o [5]
  .text                ro code  0x1fff2a08     0x70  gpio.o [1]
  .text                ro code  0x1fff2a78    0x1a8  HW_GPIO.o [1]
  .text                ro code  0x1fff2c20    0x1ec  HW_FLASH.o [1]
  .text                ro code  0x1fff2e0c     0x14  assert.o [1]
  .text                ro code  0x1fff2e20    0x4dc  printf.o [1]
  .text                ro code  0x1fff32fc    0xbdc  image.o [1]
  .text                ro code  0x1fff3ed8    0x2a4  route.o [1]
  .text                ro code  0x1fff417c    0x208  general.o [1]
  .text                ro code  0x1fff4384     0x44  FltToS32.o [4]
  .text                ro code  0x1fff43c8     0xd8  FltMul.o [4]
  .text                ro code  0x1fff44a0     0xfc  FltDiv.o [4]
  .text                ro code  0x1fff459c     0xe6  FltSub.o [4]
  .text                ro code  0x1fff4684     0x84  FltAdd.o [4]
  .text                ro code  0x1fff4708     0xac  direction.o [1]
  .text                ro code  0x1fff47b4     0x64  servo.o [1]
  .text                ro code  0x1fff4818     0x44  beep.o [1]
  .text                ro code  0x1fff485c    0x1e8  PIT.o [1]
  .text                ro code  0x1fff4a44    0x12c  motor.o [1]
  .text                ro code  0x1fff4b70     0x24  FltCmpLe.o [4]
  .text                ro code  0x1fff4b94     0x1c  FltCmpEq.o [4]
  .text                ro code  0x1fff4bb0     0x4e  FltToDbl.o [4]
  .text                ro code  0x1fff4c00     0xf0  sqrt.o [4]
  .text                ro code  0x1fff4cf0    0x1a2  DblMul.o [4]
  .text                ro code  0x1fff4e94     0x90  DblToFlt.o [4]
  .text                ro code  0x1fff4f24    0x118  PWM.o [1]
  .text                ro code  0x1fff503c    0x1b4  HW_PIT.o [1]
  .text                ro code  0x1fff51f0     0xc0  interrupt.o [1]
  .text                ro code  0x1fff52b0    0x3f0  speedfast.o [1]
  .text                ro code  0x1fff56a0      0xc  iarEdom.o [5]
  .text                ro code  0x1fff56ac    0x970  HW_FTM.o [1]
  .text                ro code  0x1fff601c     0x24  FltToU32.o [4]
  .text                ro code  0x1fff6040    0x228  directional.o [1]
  .text                ro code  0x1fff6268    0x1c4  encoder.o [1]
  .text                ro code  0x1fff642c     0x2c  I32ToDbl.o [4]
  .text                ro code  0x1fff6458     0x4c  DblToI32.o [4]
  .text                ro code  0x1fff64a4     0xe8  DblAdd.o [4]
  .text                ro code  0x1fff658c      0xc  errno.o [3]
  .text                ro code  0x1fff6598     0xd8  GPT.o [1]
  .text                ro code  0x1fff6670    0x16c  DblSub.o [4]
  .text                ro code  0x1fff67dc      0x2  xtls.o [3]
  .text                ro code  0x1fff67e0    0x12c  HW_LPTMR.o [1]
  .text                ro code  0x1fff690c    0x940  display.o [1]
  .text                ro code  0x1fff724c    0x100  adc.o [1]
  .text                ro code  0x1fff734c    0x458  HW_ADC.o [1]
  .text                ro code  0x1fff77a4    0x256  DblDiv.o [4]
  .rodata              const    0x1fff79fc    0x7f0  oled.o [1]
  .text                ro code  0x1fff81ec    0x504  HW_UART.o [1]
  .text                ro code  0x1fff86f0    0x484  VCAN_SCCB.o [1]
  .text                ro code  0x1fff8b74    0x430  HW_DMA.o [1]
  .text                ro code  0x1fff8fa4    0x41c  car_test.o [1]
  .text                ro code  0x1fff93c0     0x68  switch.o [1]
  .text                ro code  0x1fff9428     0xa0  led.o [1]
  .text                ro code  0x1fff94c8      0x4  infrared_decode.o [1]
  .text                ro code  0x1fff94cc    0x368  camera_digital.o [1]
  .rodata              const    0x1fff9834    0x2f4  oled.o [1]
  .rodata              const    0x1fff9b28    0x280  oled.o [1]
  .text                ro code  0x1fff9da8    0x218  HW_SPI.o [1]
  .data_init                    0x1fff9fc0    0x210  <Block>
    Initializer bytes  const    0x1fff9fc0    0x210  <for .data-1>
  .text                ro code  0x1fffa1d0    0x1de  HW_CAN.o [1]
  .text                ro code  0x1fffa3b0    0x1c4  HW_NVIC.o [1]
  .text                ro code  0x1fffa574    0x19c  system_MK60DZ10.o [1]
  .text                ro code  0x1fffa710     0xa0  relocate.o [1]
  .text                ro code  0x1fffa7b0    0x198  HW_MCG.o [1]
  .text                ro code  0x1fffa948    0x198  Beacon_XBY.o [1]
  .text                ro code  0x1fffaae0     0xec  init.o [1]
  .text                ro code  0x1fffabcc      0xa  display_image.o [1]
  .text                ro code  0x1fffabd8     0xe0  FIRE_OV7725_Eagle.o [1]
  .text                ro code  0x1fffacb8     0x10  avoidance.o [1]
  .text                ro code  0x1fffacc8     0x34  UART.o [1]
  .text                ro code  0x1fffacfc     0xe0  Nvic.o [1]
  .text                ro code  0x1fffaddc     0xf4  HW_DAC.o [1]
  .text                ro code  0x1fffaed0     0xcc  HW_I2C.o [1]
  .text                ro code  0x1fffaf9c     0x80  HW_ENET.o [1]
  .text                ro code  0x1fffb01c     0x80  HW_PDB.o [1]
  .text                ro code  0x1fffb09c     0x70  HW_TSI.o [1]
  .text                ro code  0x1fffb10c     0x60  HW_RTC.o [1]
  CodeRelocate                  0x1fffb16c     0x4c  <Block>
    Initializer bytes  const    0x1fffb16c     0x4c  <for CodeRelocateRam-1>
  .rodata              const    0x1fffb1b8     0x48  system_MK60DZ10.o [1]
  .rodata              const    0x1fffb200     0x44  system_MK60DZ10.o [1]
  .rodata              const    0x1fffb244     0x44  system_MK60DZ10.o [1]
  .text                ro code  0x1fffb288     0x40  zero_init3.o [5]
  .rodata              const    0x1fffb2c8     0x34  HW_ADC.o [1]
  .rodata              const    0x1fffb2fc     0x34  HW_DMA.o [1]
  .rodata              const    0x1fffb330     0x34  HW_FTM.o [1]
  .rodata              const    0x1fffb364     0x34  HW_GPIO.o [1]
  .rodata              const    0x1fffb398     0x34  HW_LPTMR.o [1]
  .rodata              const    0x1fffb3cc     0x34  HW_NVIC.o [1]
  .rodata              const    0x1fffb400     0x34  HW_PIT.o [1]
  .rodata              const    0x1fffb434     0x30  assert.o [1]
  .rodata              const    0x1fffb464     0x30  system_MK60DZ10.o [1]
  .rodata              const    0x1fffb494     0x30  system_MK60DZ10.o [1]
  .text                ro code  0x1fffb4c4     0x28  data_init.o [5]
  .rodata              const    0x1fffb4ec     0x24  system_MK60DZ10.o [1]
  .rodata              const    0x1fffb510     0x24  system_MK60DZ10.o [1]
  .iar.init_table      const    0x1fffb534     0x10  - Linker created -
  .rodata              const    0x1fffb544     0x20  system_MK60DZ10.o [1]
  .text                ro code  0x1fffb564     0x1a  cmain.o [5]
  .text                ro code  0x1fffb57e      0x4  low_level_init.o [3]
  .text                ro code  0x1fffb582      0x4  exit.o [3]
  .text                ro code  0x1fffb588      0xa  cexit.o [5]
  .text                ro code  0x1fffb594     0x14  exit.o [6]
  .rodata              const    0x1fffb5a8     0x18  car_test.o [1]
  .rodata              const    0x1fffb5c0     0x18  FIRE_OV7725_Eagle.o [1]
  .rodata              const    0x1fffb5d8     0x18  slave_computer.o [1]
  .rodata              const    0x1fffb5f0     0x14  FIRE_OV7725_Eagle.o [1]
  .rodata              const    0x1fffb604     0x14  FIRE_OV7725_Eagle.o [1]
  .rodata              const    0x1fffb618     0x14  FIRE_OV7725_Eagle.o [1]
  .text                ro code  0x1fffb62c     0x14  io.o [1]
  .rodata              const    0x1fffb640     0x10  car_test.o [1]
  .rodata              const    0x1fffb650     0x10  car_test.o [1]
  .rodata              const    0x1fffb660     0x10  car_test.o [1]
  .rodata              const    0x1fffb670     0x10  display.o [1]
  .rodata              const    0x1fffb680     0x10  display.o [1]
  .rodata              const    0x1fffb690     0x10  display.o [1]
  .rodata              const    0x1fffb6a0     0x10  display.o [1]
  .rodata              const    0x1fffb6b0     0x10  display.o [1]
  .rodata              const    0x1fffb6c0     0x10  display.o [1]
  .rodata              const    0x1fffb6d0     0x10  slave_computer.o [1]
  .rodata              const    0x1fffb6e0     0x10  slave_computer.o [1]
  .rodata              const    0x1fffb6f0     0x10  slave_computer.o [1]
  .text                ro code  0x1fffb700     0x10  HW_SYSTICK.o [1]
  .text                ro code  0x1fffb710     0x10  HW_USB.o [1]
  .rodata              const    0x1fffb720      0xc  car_test.o [1]
  .rodata              const    0x1fffb72c      0xc  car_test.o [1]
  .rodata              const    0x1fffb738      0xc  car_test.o [1]
  .rodata              const    0x1fffb744      0xc  display.o [1]
  .rodata              const    0x1fffb750      0xc  display.o [1]
  .rodata              const    0x1fffb75c      0xc  display.o [1]
  .rodata              const    0x1fffb768      0xc  display.o [1]
  .rodata              const    0x1fffb774      0xc  display.o [1]
  .rodata              const    0x1fffb780      0xc  display.o [1]
  .rodata              const    0x1fffb78c      0xc  display.o [1]
  .rodata              const    0x1fffb798      0xc  display.o [1]
  .rodata              const    0x1fffb7a4      0xc  display.o [1]
  .rodata              const    0x1fffb7b0      0xc  display.o [1]
  .rodata              const    0x1fffb7bc      0xc  display.o [1]
  .rodata              const    0x1fffb7c8      0xc  display.o [1]
  .rodata              const    0x1fffb7d4      0xc  display.o [1]
  .rodata              const    0x1fffb7e0      0xc  display.o [1]
  .rodata              const    0x1fffb7ec      0xc  display.o [1]
  .rodata              const    0x1fffb7f8      0xc  slave_computer.o [1]
  .rodata              const    0x1fffb804      0xc  slave_computer.o [1]
  .text                ro code  0x1fffb810      0xc  cstartup_M.o [5]
  .rodata              const    0x1fffb81c      0x8  car_test.o [1]
  .rodata              const    0x1fffb824      0x8  car_test.o [1]
  .rodata              const    0x1fffb82c      0x8  display.o [1]
  .rodata              const    0x1fffb834      0x8  display.o [1]
  .rodata              const    0x1fffb83c      0x8  display.o [1]
  .rodata              const    0x1fffb844      0x8  display.o [1]
  .rodata              const    0x1fffb84c      0x8  display.o [1]
  .rodata              const    0x1fffb854      0x8  display.o [1]
  .rodata              const    0x1fffb85c      0x8  display.o [1]
  .rodata              const    0x1fffb864      0x8  display.o [1]
  .rodata              const    0x1fffb86c      0x8  display.o [1]
  .rodata              const    0x1fffb874      0x8  display.o [1]
  .rodata              const    0x1fffb87c      0x8  display.o [1]
  .rodata              const    0x1fffb884      0x8  display.o [1]
  .rodata              const    0x1fffb88c      0x8  display.o [1]
  .rodata              const    0x1fffb894      0x8  display.o [1]
  .rodata              const    0x1fffb89c      0x8  display.o [1]
  .rodata              const    0x1fffb8a4      0x8  slave_computer.o [1]
  .rodata              const    0x1fffb8ac      0x8  slave_computer.o [1]
  .rodata              const    0x1fffb8b4      0x8  slave_computer.o [1]
  .rodata              const    0x1fffb8bc      0x8  slave_computer.o [1]
  .rodata              const    0x1fffb8c4      0x8  slave_computer.o [1]
  .rodata              const    0x1fffb8cc      0x8  slave_computer.o [1]
  .rodata              const    0x1fffb8d4      0x8  slave_computer.o [1]
  .rodata              const    0x1fffb8dc      0x8  slave_computer.o [1]
  .rodata              const    0x1fffb8e4      0x8  slave_computer.o [1]
  .rodata              const    0x1fffb8ec      0x8  slave_computer.o [1]
  .rodata              const    0x1fffb8f4      0x8  slave_computer.o [1]
  .rodata              const    0x1fffb8fc      0x8  slave_computer.o [1]
  .rodata              const    0x1fffb904      0x8  slave_computer.o [1]
  .rodata              const    0x1fffb90c      0x8  slave_computer.o [1]
  .rodata              const    0x1fffb914      0x8  slave_computer.o [1]
  .rodata              const    0x1fffb91c      0x8  slave_computer.o [1]
  .rodata              const    0x1fffb924      0x8  system_MK60DZ10.o [1]
  .data                         0x1fffb92c    0x210  <Block>
    .data-1                     0x1fffb92c    0x20f  <Init block>
      .data            inited   0x1fffb92c     0x80  camera_digital.o [1]
      .data            inited   0x1fffb9ac     0x68  FIRE_OV7725_Eagle.o [1]
      .data            inited   0x1fffba14      0x4  HW_MCG.o [1]
      .data            inited   0x1fffba18      0x4  HW_MCG.o [1]
      .data            inited   0x1fffba1c      0x4  HW_MCG.o [1]
      .data            inited   0x1fffba20      0x4  HW_MCG.o [1]
      .data            inited   0x1fffba24     0x14  oled.o [1]
      .data            inited   0x1fffba38     0x14  oled.o [1]
      .data            inited   0x1fffba4c     0x14  oled.o [1]
      .data            inited   0x1fffba60     0x14  oled.o [1]
      .data            inited   0x1fffba74     0x40  speedfast.o [1]
      .data            inited   0x1fffbab4     0x40  speedfast.o [1]
      .data            inited   0x1fffbaf4     0x40  speedfast.o [1]
      .data            inited   0x1fffbb34      0x4  system_MK60DZ10.o [1]
      .data            inited   0x1fffbb38      0x1  Beacon_XBY.o [1]
      .data            inited   0x1fffbb39      0x1  car_info.o [1]
      .data            inited   0x1fffbb3a      0x1  FIRE_OV7725_Eagle.o [1]
  CodeRelocateRam               0x1fffbb3c     0x4c  <Block>
    CodeRelocateRam-1           0x1fffbb3c     0x4c  <Init block>
      .textrw          inited   0x1fffbb3c     0x4c  HW_MCG.o [1]
  .bss                          0x1fffbb88   0xc2e4  <Block>
    .bss               zero     0x1fffbb88     0x14  adc.o [1]
    .bss               zero     0x1fffbb9c     0x14  adc.o [1]
    .bss               zero     0x1fffbbb0   0x2580  camera_digital.o [1]
    .bss               zero     0x1fffe130   0x2580  camera_digital.o [1]
    .bss               zero     0x200006b0   0x5000  camera_digital.o [1]
    .bss               zero     0x200056b0     0x14  camera_digital.o [1]
    .bss               zero     0x200056c4     0x14  camera_digital.o [1]
    .bss               zero     0x200056d8     0x14  camera_digital.o [1]
    .bss               zero     0x200056ec     0x14  camera_digital.o [1]
    .bss               zero     0x20005700     0x2c  camera_digital.o [1]
    .bss               zero     0x2000572c      0x4  car_info.o [1]
    .bss               zero     0x20005730      0x4  car_info.o [1]
    .bss               zero     0x20005734      0x4  car_info.o [1]
    .bss               zero     0x20005738      0x4  car_info.o [1]
    .bss               zero     0x2000573c      0x4  car_info.o [1]
    .bss               zero     0x20005740      0x4  car_info.o [1]
    .bss               zero     0x20005744      0x4  car_info.o [1]
    .bss               zero     0x20005748      0x4  car_info.o [1]
    .bss               zero     0x2000574c      0x4  car_info.o [1]
    .bss               zero     0x20005750      0x4  car_info.o [1]
    .bss               zero     0x20005754      0x4  car_info.o [1]
    .bss               zero     0x20005758      0x4  car_info.o [1]
    .bss               zero     0x2000575c      0x4  car_info.o [1]
    .bss               zero     0x20005760      0x4  car_info.o [1]
    .bss               zero     0x20005764      0x4  car_info.o [1]
    .bss               zero     0x20005768      0x4  car_info.o [1]
    .bss               zero     0x2000576c      0x4  car_info.o [1]
    .bss               zero     0x20005770      0x4  car_info.o [1]
    .bss               zero     0x20005774      0x4  car_info.o [1]
    .bss               zero     0x20005778     0x80  car_info.o [1]
    .bss               zero     0x200057f8     0x80  car_info.o [1]
    .bss               zero     0x20005878      0x4  car_info.o [1]
    .bss               zero     0x2000587c   0x2000  car_info.o [1]
    .bss               zero     0x2000787c      0x4  car_info.o [1]
    .bss               zero     0x20007880      0x4  car_info.o [1]
    .bss               zero     0x20007884      0xc  car_info.o [1]
    .bss               zero     0x20007890      0x8  car_info.o [1]
    .bss               zero     0x20007898     0x14  direction.o [1]
    .bss               zero     0x200078ac      0xc  encoder.o [1]
    .bss               zero     0x200078b8      0xc  encoder.o [1]
    .bss               zero     0x200078c4      0x4  encoder.o [1]
    .bss               zero     0x200078c8      0x4  encoder.o [1]
    .bss               zero     0x200078cc     0xc8  flash.o [1]
    .bss               zero     0x20007994     0x14  gpio.o [1]
    .bss               zero     0x200079a8     0x1c  GPT.o [1]
    .bss               zero     0x200079c4      0xc  GPT.o [1]
    .bss               zero     0x200079d0      0x8  HW_ADC.o [1]
    .bss               zero     0x200079d8    0x100  HW_CAN.o [1]
    .bss               zero     0x20007ad8     0x40  HW_CAN.o [1]
    .bss               zero     0x20007b18     0x40  HW_CAN.o [1]
    .bss               zero     0x20007b58      0x8  HW_DAC.o [1]
    .bss               zero     0x20007b60      0x8  HW_DAC.o [1]
    .bss               zero     0x20007b68      0x8  HW_DAC.o [1]
    .bss               zero     0x20007b70     0x40  HW_DMA.o [1]
    .bss               zero     0x20007bb0     0x10  HW_ENET.o [1]
    .bss               zero     0x20007bc0      0xc  HW_FTM.o [1]
    .bss               zero     0x20007bcc     0x14  HW_GPIO.o [1]
    .bss               zero     0x20007be0      0x8  HW_I2C.o [1]
    .bss               zero     0x20007be8      0x4  HW_LPTMR.o [1]
    .bss               zero     0x20007bec      0x4  HW_PDB.o [1]
    .bss               zero     0x20007bf0      0x4  HW_PDB.o [1]
    .bss               zero     0x20007bf4     0x10  HW_PIT.o [1]
    .bss               zero     0x20007c04      0xc  HW_RTC.o [1]
    .bss               zero     0x20007c10     0x18  HW_SPI.o [1]
    .bss               zero     0x20007c28     0x18  HW_SPI.o [1]
    .bss               zero     0x20007c40     0x18  HW_SPI.o [1]
    .bss               zero     0x20007c58      0x4  HW_SYSTICK.o [1]
    .bss               zero     0x20007c5c      0x8  HW_TSI.o [1]
    .bss               zero     0x20007c64     0x18  HW_UART.o [1]
    .bss               zero     0x20007c7c     0x18  HW_UART.o [1]
    .bss               zero     0x20007c94      0x4  HW_USB.o [1]
    .bss               zero     0x20007c98      0x8  image.o [1]
    .bss               zero     0x20007ca0      0x8  image.o [1]
    .bss               zero     0x20007ca8     0x10  image.o [1]
    .bss               zero     0x20007cb8      0x8  image.o [1]
    .bss               zero     0x20007cc0      0x8  image.o [1]
    .bss               zero     0x20007cc8      0x8  image.o [1]
    .bss               zero     0x20007cd0      0x8  image.o [1]
    .bss               zero     0x20007cd8      0x4  led.o [1]
    .bss               zero     0x20007cdc     0x14  Nvic.o [1]
    .bss               zero     0x20007cf0      0xc  oled.o [1]
    .bss               zero     0x20007cfc     0x14  PIT.o [1]
    .bss               zero     0x20007d10     0x14  PIT.o [1]
    .bss               zero     0x20007d24     0x14  PIT.o [1]
    .bss               zero     0x20007d38     0x14  PIT.o [1]
    .bss               zero     0x20007d4c     0x1c  PWM.o [1]
    .bss               zero     0x20007d68     0x1c  PWM.o [1]
    .bss               zero     0x20007d84      0x4  route.o [1]
    .bss               zero     0x20007d88      0x4  route.o [1]
    .bss               zero     0x20007d8c      0x4  route.o [1]
    .bss               zero     0x20007d90      0x4  route.o [1]
    .bss               zero     0x20007d94      0x4  route.o [1]
    .bss               zero     0x20007d98      0x4  route.o [1]
    .bss               zero     0x20007d9c      0x4  route.o [1]
    .bss               zero     0x20007da0      0x4  route.o [1]
    .bss               zero     0x20007da4     0x54  slave_computer.o [1]
    .bss               zero     0x20007df8     0x14  VCAN_SCCB.o [1]
    .bss               zero     0x20007e0c      0x2  camera_digital.o [1]
    .bss               zero     0x20007e0e      0x2  car_info.o [1]
    .bss               zero     0x20007e10      0x2  car_info.o [1]
    .bss               zero     0x20007e12      0x2  car_info.o [1]
    .bss               zero     0x20007e14      0x2  car_info.o [1]
    .bss               zero     0x20007e16      0x2  car_info.o [1]
    .bss               zero     0x20007e18      0x2  car_info.o [1]
    .bss               zero     0x20007e1a      0x2  car_info.o [1]
    .bss               zero     0x20007e1c      0x2  car_info.o [1]
    .bss               zero     0x20007e1e      0x2  car_info.o [1]
    .bss               zero     0x20007e20      0x2  car_info.o [1]
    .bss               zero     0x20007e22      0x2  car_info.o [1]
    .bss               zero     0x20007e24      0x2  car_info.o [1]
    .bss               zero     0x20007e26      0x2  car_info.o [1]
    .bss               zero     0x20007e28      0x2  car_info.o [1]
    .bss               zero     0x20007e2a      0x2  car_info.o [1]
    .bss               zero     0x20007e2c      0x2  car_info.o [1]
    .bss               zero     0x20007e2e      0x2  car_info.o [1]
    .bss               zero     0x20007e30      0x2  car_info.o [1]
    .bss               zero     0x20007e32      0x2  car_info.o [1]
    .bss               zero     0x20007e34      0x2  car_info.o [1]
    .bss               zero     0x20007e36      0x2  car_info.o [1]
    .bss               zero     0x20007e38      0x2  car_info.o [1]
    .bss               zero     0x20007e3a      0x2  car_info.o [1]
    .bss               zero     0x20007e3c      0x2  encoder.o [1]
    .bss               zero     0x20007e3e      0x2  encoder.o [1]
    .bss               zero     0x20007e40      0x2  encoder.o [1]
    .bss               zero     0x20007e42      0x2  image.o [1]
    .bss               zero     0x20007e44      0x2  image.o [1]
    .bss               zero     0x20007e46      0x2  image.o [1]
    .bss               zero     0x20007e48      0x2  slave_computer.o [1]
    .bss               zero     0x20007e4a      0x2  speedfast.o [1]
    .bss               zero     0x20007e4c      0x2  speedfast.o [1]
    .bss               zero     0x20007e4e      0x2  speedfast.o [1]
    .bss               zero     0x20007e50      0x2  speedfast.o [1]
    .bss               zero     0x20007e52      0x2  speedfast.o [1]
    .bss               zero     0x20007e54      0x2  speedfast.o [1]
    .bss               zero     0x20007e56      0x1  camera_digital.o [1]
    .bss               zero     0x20007e57      0x1  car_info.o [1]
    .bss               zero     0x20007e58      0x1  car_info.o [1]
    .bss               zero     0x20007e59      0x1  car_info.o [1]
    .bss               zero     0x20007e5a      0x1  car_info.o [1]
    .bss               zero     0x20007e5b      0x1  car_info.o [1]
    .bss               zero     0x20007e5c      0x1  car_info.o [1]
    .bss               zero     0x20007e5d      0x1  car_info.o [1]
    .bss               zero     0x20007e5e      0x1  car_info.o [1]
    .bss               zero     0x20007e5f      0x1  car_info.o [1]
    .bss               zero     0x20007e60      0x1  car_info.o [1]
    .bss               zero     0x20007e61      0x1  car_info.o [1]
    .bss               zero     0x20007e62      0x1  car_test.o [1]
    .bss               zero     0x20007e63      0x1  directional.o [1]
    .bss               zero     0x20007e64      0x1  display.o [1]
    .bss               zero     0x20007e65      0x1  encoder.o [1]
    .bss               zero     0x20007e66      0x1  encoder.o [1]
    .bss               zero     0x20007e67      0x1  image.o [1]
    .bss               zero     0x20007e68      0x1  route.o [1]
    .bss               zero     0x20007e69      0x1  route.o [1]
    .bss               zero     0x20007e6a      0x1  route.o [1]
    .bss               zero     0x20007e6b      0x1  route.o [1]
                              - 0x20007e6c  0x17a48

"P1-P2", part 3 of 4:                         0x400
  CSTACK                        0x20007e70    0x400  <Block>
    CSTACK             uninit   0x20007e70    0x400  <Block tail>
                              - 0x20008270    0x400

"P1-P2", part 4 of 4:                           0x4
  Initializer bytes    const    0x20008270      0x4  <for P1-P2 s0>
                              - 0x20008274      0x4


*******************************************************************************
*** INIT TABLE
***

          Address     Size
          -------     ----
Zero (__iar_zero_init3)
    1 destination range, total size 0xc2e4:
          0x1fffbb88  0xc2e4



*******************************************************************************
*** MODULE SUMMARY
***

    Module                 ro code  rw code  ro data  rw data
    ------                 -------  -------  -------  -------
D:\Freescale\信标\Beacon_C1 -NXP\project\Beacon_XBY\iar\RAM\Obj: [1]
    Beacon_XBY.o               408                 1        1
    FIRE_OV7725_Eagle.o        224               189      105
    GPT.o                      216                         40
    HW_ADC.o                 1 112                52        8
    HW_CAN.o                   478                        384
    HW_DAC.o                   244                         24
    HW_DMA.o                 1 072                52       64
    HW_ENET.o                  128                         16
    HW_FLASH.o                 492
    HW_FTM.o                 2 416                52       12
    HW_GPIO.o                  424                52       20
    HW_I2C.o                   204                          8
    HW_LPTMR.o                 300                52        4
    HW_MCG.o                   408       76       92       16
    HW_NVIC.o                  452                52
    HW_PDB.o                   128                          8
    HW_PIT.o                   436                52       16
    HW_RTC.o                    96                         12
    HW_SPI.o                   536                         72
    HW_SYSTICK.o                16                          4
    HW_TSI.o                   112                          8
    HW_UART.o                1 284                         48
    HW_USB.o                    16                          4
    Nvic.o                     224                         20
    PIT.o                      488                         80
    PWM.o                      280                         56
    UART.o                      52
    VCAN_SCCB.o              1 156                         20
    adc.o                      256                         40
    assert.o                    20                48
    avoidance.o                 16
    beep.o                      68
    camera_digital.o           872               128   39 935
    car_info.o                                     1    8 614
    car_test.o               1 052               124        1
    dir_kbi.o                  144
    direction.o                172                         20
    directional.o              552                          1
    display.o                2 368               396        1
    display_image.o             10
    encoder.o                  452                         40
    flash.o                     72                        200
    general.o                  520
    gpio.o                     112                         20
    image.o                  3 036                         71
    infrared_decode.o            4
    init.o                     236
    interrupt.o                192
    io.o                        20
    led.o                      160                          4
    motor.o                    300
    oled.o                   3 800             3 508       92
    printf.o                 1 244
    relocate.o                 160
    route.o                    676                         36
    servo.o                    100
    slave_computer.o         5 480               224       86
    speedfast.o              1 008               192      204
    startup_K60.o            1 044
    stdlib.o                    64
    switch.o                   104
    system_MK60DZ10.o          412               420        4
    ---------------------------------------------------------
    Total:                  38 128       76    5 687   50 419

command line: [2]
    ---------------------------------------------------------
    Total:

dl7M_tln.a: [3]
    errno.o                     12                 4        4
    exit.o                       4
    low_level_init.o             4
    xtls.o                       2
    ---------------------------------------------------------
    Total:                      22                 4        4

m7M_tl.a: [4]
    DblAdd.o                   232
    DblDiv.o                   598
    DblMul.o                   418
    DblSub.o                   364
    DblToFlt.o                 144
    DblToI32.o                  76
    FltAdd.o                   132
    FltCmpEq.o                  28
    FltCmpLe.o                  36
    FltDiv.o                   252
    FltMul.o                   216
    FltSub.o                   230
    FltToDbl.o                  78
    FltToS32.o                  68
    FltToU32.o                  36
    I32ToDbl.o                  44
    I32ToFlt.o                  50
    sqrt.o                     240
    ---------------------------------------------------------
    Total:                   3 242

rt7M_tl.a: [5]
    ABImemcpy_unaligned.o       86
    cexit.o                     10
    cmain.o                     26
    cstartup_M.o                12
    data_init.o                 40
    iarEdom.o                   12
    zero_init3.o                64
    ---------------------------------------------------------
    Total:                     250

shb_l.a: [6]
    exit.o                      20
    ---------------------------------------------------------
    Total:                      20

    Gaps                        20                 2
    Linker created                                17    1 024
-------------------------------------------------------------
    Grand Total:            41 682       76    5 710   51 447


*******************************************************************************
*** ENTRY LIST
***

Entry                      Address    Size  Type      Object
-----                      -------    ----  ----      ------
.bss$$Base              0x1fffbb88           --   Gb  - Linker created -
.bss$$Limit             0x20007e6c           --   Gb  - Linker created -
.data$$Base             0x1fffb92c           --   Gb  - Linker created -
.data$$Limit            0x1fffbb3c           --   Gb  - Linker created -
.data_init$$Base        0x1fff9fc0           --   Gb  - Linker created -
.data_init$$Limit       0x1fffa1d0           --   Gb  - Linker created -
.iar.init_table$$Base   0x1fffb534           --   Gb  - Linker created -
.iar.init_table$$Limit  0x1fffb544           --   Gb  - Linker created -
?main                   0x1fffb565          Code  Gb  cmain.o [5]
ADC0_IRQHandler         0x1fff775b     0xa  Code  Gb  HW_ADC.o [1]
ADC0_Init               0x1fff725d    0x48  Code  Gb  adc.o [1]
ADC1_IRQHandler         0x1fff7765     0xa  Code  Gb  HW_ADC.o [1]
ADC1_Init               0x1fff72a5    0x4e  Code  Gb  adc.o [1]
ADC_0_isr               0x1fff7301     0x2  Code  Gb  adc.o [1]
ADC_1_isr               0x1fff7305     0x2  Code  Gb  adc.o [1]
ADC_Bat_Vol             0x1fff7307    0x2c  Code  Gb  adc.o [1]
ADC_CH_Init             0x1fff72f3     0xc  Code  Gb  adc.o [1]
ADC_ISR                 0x200079d0     0x8  Data  Gb  HW_ADC.o [1]
ADC_Init                0x1fff724d    0x10  Code  Gb  adc.o [1]
ASSERT_FAILED_STR       0x1fffb434    0x30  Data  Gb  assert.o [1]
Average_Filter          0x1fff39d9   0x342  Code  Gb  image.o [1]
Average_Filter::last_img_area
                        0x20007ca8    0x10  Data  Lc  image.o [1]
Average_Filter::last_img_center
                        0x20007c98     0x8  Data  Lc  image.o [1]
Average_Filter::last_img_end_line
                        0x20007cd0     0x8  Data  Lc  image.o [1]
Average_Filter::last_img_left
                        0x20007cc0     0x8  Data  Lc  image.o [1]
Average_Filter::last_img_right
                        0x20007cb8     0x8  Data  Lc  image.o [1]
Average_Filter::last_img_start_line
                        0x20007cc8     0x8  Data  Lc  image.o [1]
Average_Filter::last_img_vertical
                        0x20007ca0     0x8  Data  Lc  image.o [1]
Beep_Init               0x1fff4819    0x12  Code  Gb  beep.o [1]
Beep_Off                0x1fff4847     0xe  Code  Gb  beep.o [1]
Beep_On                 0x1fff482b    0x1c  Code  Gb  beep.o [1]
CAN0_BUS_OFF_IRQHandler
                        0x1fffa32b     0x8  Code  Gb  HW_CAN.o [1]
CAN0_ERR_IRQHandler     0x1fffa333     0xe  Code  Gb  HW_CAN.o [1]
CAN0_IMEU_IRQHandler    0x1fffa357     0x2  Code  Gb  HW_CAN.o [1]
CAN0_ISR                0x20007ad8    0x40  Data  Gb  HW_CAN.o [1]
CAN0_LR_IRQHandler      0x1fffa359     0x2  Code  Gb  HW_CAN.o [1]
CAN0_MESS_IRQHandler    0x1fffa323     0x8  Code  Gb  HW_CAN.o [1]
CAN0_RW_IRQHandler      0x1fffa34b     0xa  Code  Gb  HW_CAN.o [1]
CAN0_TW_IRQHandler      0x1fffa341     0xa  Code  Gb  HW_CAN.o [1]
CAN0_WAKE_UP_IRQHandler
                        0x1fffa355     0x2  Code  Gb  HW_CAN.o [1]
CAN1_BUS_OFF_IRQHandler
                        0x1fffa363     0x8  Code  Gb  HW_CAN.o [1]
CAN1_ERR_IRQHandler     0x1fffa36b     0xe  Code  Gb  HW_CAN.o [1]
CAN1_IMEU_IRQHandler    0x1fffa3ab     0x2  Code  Gb  HW_CAN.o [1]
CAN1_ISR                0x20007b18    0x40  Data  Gb  HW_CAN.o [1]
CAN1_LR_IRQHandler      0x1fffa3ad     0x2  Code  Gb  HW_CAN.o [1]
CAN1_MESS_IRQHandler    0x1fffa35b     0x8  Code  Gb  HW_CAN.o [1]
CAN1_RW_IRQHandler      0x1fffa383     0xa  Code  Gb  HW_CAN.o [1]
CAN1_TW_IRQHandler      0x1fffa379     0xa  Code  Gb  HW_CAN.o [1]
CAN1_WAKE_UP_IRQHandler
                        0x1fffa3a9     0x2  Code  Gb  HW_CAN.o [1]
CSTACK$$Base            0x20007e70           --   Gb  - Linker created -
CSTACK$$Limit           0x20008270           --   Gb  - Linker created -
Camera_DMA_Init         0x1fff95c3    0x70  Code  Gb  camera_digital.o [1]
Camera_DMA_Init::dma_init_struct
                        0x20005700    0x2c  Data  Lc  camera_digital.o [1]
Camera_GPIO_Init        0x1fff9501    0xc2  Code  Gb  camera_digital.o [1]
Camera_H_Isr            0x1fff9689    0x36  Code  Gb  camera_digital.o [1]
Camera_Init             0x1fff94f5     0xc  Code  Gb  camera_digital.o [1]
Camera_Process_Isr      0x1fff96bf    0x1a  Code  Gb  camera_digital.o [1]
Camera_V_Isr            0x1fff9635    0x52  Code  Gb  camera_digital.o [1]
Car_Back                0x1fff3fb3   0x168  Code  Gb  route.o [1]
Car_Back::sc_car_back_flag
                        0x20007e6b     0x1  Data  Lc  route.o [1]
Car_Back::sc_speed_back_count
                        0x20007e6a     0x1  Data  Lc  route.o [1]
Car_Back::si_back_count_end
                        0x20007d90     0x4  Data  Lc  route.o [1]
Car_Back::si_back_count_start
                        0x20007d8c     0x4  Data  Lc  route.o [1]
Car_Back::si_car_back_count
                        0x20007d94     0x4  Data  Lc  route.o [1]
Car_Back::si_restart_count
                        0x20007d9c     0x4  Data  Lc  route.o [1]
Car_Back::si_restart_start
                        0x20007d98     0x4  Data  Lc  route.o [1]
Car_Back::si_speed_back_end
                        0x20007d88     0x4  Data  Lc  route.o [1]
Car_Back::si_speed_back_start
                        0x20007d84     0x4  Data  Lc  route.o [1]
Car_Back::sui_start_delay
                        0x20007da0     0x4  Data  Lc  route.o [1]
Change_PWM_Motor_Left   0x1fff4fcd    0x2e  Code  Gb  PWM.o [1]
Change_PWM_Motor_Right  0x1fff4ffb    0x2e  Code  Gb  PWM.o [1]
Change_PWM_Servo        0x1fff4fbf     0xe  Code  Gb  PWM.o [1]
CodeRelocate$$Base      0x1fffb16c           --   Gb  - Linker created -
CodeRelocate$$Limit     0x1fffb1b8           --   Gb  - Linker created -
CodeRelocateRam$$Base   0x1fffbb3c           --   Gb  - Linker created -
CodeRelocateRam$$Limit  0x1fffbb88           --   Gb  - Linker created -
DAC0_IRQHandler         0x1fffaddd    0x6a  Code  Gb  HW_DAC.o [1]
DAC1_IRQHandler         0x1fffae47    0x6a  Code  Gb  HW_DAC.o [1]
DAC_RDPTBOT_ISR         0x20007b58     0x8  Data  Gb  HW_DAC.o [1]
DAC_RDPTTOP_ISR         0x20007b60     0x8  Data  Gb  HW_DAC.o [1]
DAC_WATERMK_ISR         0x20007b68     0x8  Data  Gb  HW_DAC.o [1]
DMA0_IRQHandler         0x1fff8e21    0x16  Code  Gb  HW_DMA.o [1]
DMA10_IRQHandler        0x1fff8efd    0x16  Code  Gb  HW_DMA.o [1]
DMA11_IRQHandler        0x1fff8f13    0x16  Code  Gb  HW_DMA.o [1]
DMA12_IRQHandler        0x1fff8f29    0x16  Code  Gb  HW_DMA.o [1]
DMA13_IRQHandler        0x1fff8f3f    0x16  Code  Gb  HW_DMA.o [1]
DMA14_IRQHandler        0x1fff8f55    0x16  Code  Gb  HW_DMA.o [1]
DMA15_IRQHandler        0x1fff8f6b    0x16  Code  Gb  HW_DMA.o [1]
DMA1_IRQHandler         0x1fff8e37    0x16  Code  Gb  HW_DMA.o [1]
DMA2_IRQHandler         0x1fff8e4d    0x16  Code  Gb  HW_DMA.o [1]
DMA3_IRQHandler         0x1fff8e63    0x16  Code  Gb  HW_DMA.o [1]
DMA4_IRQHandler         0x1fff8e79    0x16  Code  Gb  HW_DMA.o [1]
DMA5_IRQHandler         0x1fff8e8f    0x16  Code  Gb  HW_DMA.o [1]
DMA6_IRQHandler         0x1fff8ea5    0x16  Code  Gb  HW_DMA.o [1]
DMA7_IRQHandler         0x1fff8ebb    0x16  Code  Gb  HW_DMA.o [1]
DMA8_IRQHandler         0x1fff8ed1    0x16  Code  Gb  HW_DMA.o [1]
DMA9_IRQHandler         0x1fff8ee7    0x16  Code  Gb  HW_DMA.o [1]
DMA_ISR                 0x20007b70    0x40  Data  Gb  HW_DMA.o [1]
DefaultISR              0x1fffa699    0x14  Code  Gb  system_MK60DZ10.o [1]
Delay_ms                0x1fff4355    0x2a  Code  Gb  general.o [1]
Direction_Control       0x1fff4709    0x94  Code  Gb  direction.o [1]
Direction_Control::last_line_err
                        0x20007898    0x14  Data  Lc  direction.o [1]
Display_Image           0x1fffabcd     0xa  Code  Gb  display_image.o [1]
ENET_ISR                0x20007bb0    0x10  Data  Gb  HW_ENET.o [1]
Eth_Err_Misc_IRQHandler
                        0x1fffafff    0x16  Code  Gb  HW_ENET.o [1]
Eth_IEEE1588_IRQHandler
                        0x1fffafe9    0x16  Code  Gb  HW_ENET.o [1]
Eth_RX_IRQHandler       0x1fffaf9d    0x26  Code  Gb  HW_ENET.o [1]
Eth_TX_IRQHandler       0x1fffafc3    0x26  Code  Gb  HW_ENET.o [1]
F6x8                    0x1fff9834   0x2f4  Data  Gb  oled.o [1]
FLASH_Init              0x1fff1a1d     0x8  Code  Gb  flash.o [1]
FTM0_IRQHandler         0x1fff5f85     0xa  Code  Gb  HW_FTM.o [1]
FTM1_IRQHandler         0x1fff5f8f     0xa  Code  Gb  HW_FTM.o [1]
FTM2_IRQHandler         0x1fff5f99     0xa  Code  Gb  HW_FTM.o [1]
FTM_ISR                 0x20007bc0     0xc  Data  Gb  HW_FTM.o [1]
Five_Dir_Init           0x1fff198d    0x44  Code  Gb  dir_kbi.o [1]
FlashReadData           0x1fff1a25    0x24  Code  Gb  flash.o [1]
FlashWriteData          0x1fff1a49    0x18  Code  Gb  flash.o [1]
GPIO_ISR                0x20007bcc    0x14  Data  Gb  HW_GPIO.o [1]
GPIO_Init               0x1fff2a09    0x70  Code  Gb  gpio.o [1]
GPIO_Init::gpio_init_struct
                        0x20007994    0x14  Data  Lc  gpio.o [1]
GPT_Init                0x1fff6599    0x10  Code  Gb  GPT.o [1]
Get_Car_Condition       0x1fff5467    0x5e  Code  Gb  speedfast.o [1]
Get_Car_Condition::si_car_speed
                        0x20007e54     0x2  Data  Lc  speedfast.o [1]
Get_Five_Dir_Value      0x1fff19d1    0x46  Code  Gb  dir_kbi.o [1]
Get_Left_Speed          0x1fff6269    0xb8  Code  Gb  encoder.o [1]
Get_Left_Speed::cur_speed_pos
                        0x20007e3c     0x2  Data  Lc  encoder.o [1]
Get_Left_Speed::pluses_sum
                        0x200078c4     0x4  Data  Lc  encoder.o [1]
Get_Left_Speed::u8InitFlag
                        0x20007e65     0x1  Data  Lc  encoder.o [1]
Get_Right_Speed         0x1fff6321    0xcc  Code  Gb  encoder.o [1]
Get_Right_Speed::cur_speed_pos
                        0x20007e40     0x2  Data  Lc  encoder.o [1]
Get_Right_Speed::i16Pulses
                        0x20007e3e     0x2  Data  Lc  encoder.o [1]
Get_Right_Speed::pluses_sum
                        0x200078c8     0x4  Data  Lc  encoder.o [1]
Get_Right_Speed::u8InitFlag
                        0x20007e66     0x1  Data  Lc  encoder.o [1]
Get_Servo_PWM_Delta     0x1fff47ff     0xe  Code  Gb  servo.o [1]
HardFault_Handler       0x1fffa68f     0xa  Code  Gb  system_MK60DZ10.o [1]
Horizon_Count           0x1fff3d1b    0x3a  Code  Gb  image.o [1]
Horizon_Off             0x1fff3ef3    0xc0  Code  Gb  route.o [1]
Horizon_Off::sc_center_flag
                        0x20007e69     0x1  Data  Lc  route.o [1]
I2C0_IRQHandler         0x1fffaed1    0x5a  Code  Gb  HW_I2C.o [1]
I2C1_IRQHandler         0x1fffaf2b    0x5a  Code  Gb  HW_I2C.o [1]
I2C_ISR                 0x20007be0     0x8  Data  Gb  HW_I2C.o [1]
Image_Area              0x1fff38b5   0x124  Code  Gb  image.o [1]
Image_Area::si_image_area_temp
                        0x20007e42     0x2  Data  Lc  image.o [1]
Image_Area::si_image_center_temp
                        0x20007e44     0x2  Data  Lc  image.o [1]
Image_Area::si_image_vertical_temp
                        0x20007e46     0x2  Data  Lc  image.o [1]
Image_Area::suc_image_count
                        0x20007e67     0x1  Data  Lc  image.o [1]
Image_Center            0x1fff3d55    0xdc  Code  Gb  image.o [1]
Image_Filter            0x1fff3349    0x82  Code  Gb  image.o [1]
Image_Get_Edge          0x1fff33cb   0x168  Code  Gb  image.o [1]
Image_Get_Vertical      0x1fff3533   0x2fa  Code  Gb  image.o [1]
Image_Original_Get      0x1fff96d9    0x26  Code  Gb  camera_digital.o [1]
Image_Pre_Process       0x1fff382d    0x88  Code  Gb  image.o [1]
Image_Process           0x1fff32fd    0x4c  Code  Gb  image.o [1]
Infrared_Directional    0x1fff6155    0xf8  Code  Gb  directional.o [1]
Infrared_Directional::sc_directional_x
                        0x20007e63     0x1  Data  Lc  directional.o [1]
Infrared_Init           0x1fff6041    0x64  Code  Gb  directional.o [1]
Infrared_Start          0x1fff6109    0x4c  Code  Gb  directional.o [1]
Infrared_Value_Get      0x1fff60a5    0x64  Code  Gb  directional.o [1]
InitFlashParameter      0x1fff192f    0x16  Code  Gb  slave_computer.o [1]
Init_All                0x1fffaaf5    0x8a  Code  Gb  init.o [1]
LED_Init                0x1fff9429    0x3c  Code  Gb  led.o [1]
LPLD_ADC_Cal            0x1fff76bf    0x9c  Code  Lc  HW_ADC.o [1]
LPLD_ADC_Chn_Enable     0x1fff7515   0x1aa  Code  Gb  HW_ADC.o [1]
LPLD_ADC_Get            0x1fff74ed    0x28  Code  Gb  HW_ADC.o [1]
LPLD_ADC_Init           0x1fff734d   0x1a0  Code  Gb  HW_ADC.o [1]
LPLD_CAN_Interrupt_ClearPending
                        0x1fffa1d1    0x24  Code  Lc  HW_CAN.o [1]
LPLD_CAN_Interrupt_GetFlag
                        0x1fffa1f5    0x1e  Code  Lc  HW_CAN.o [1]
LPLD_CAN_MB_ISR         0x1fffa2c9    0x5a  Code  Lc  HW_CAN.o [1]
LPLD_CAN_Receive_Interrupt
                        0x1fffa26d    0x5c  Code  Lc  HW_CAN.o [1]
LPLD_CAN_Transmit_Interrupt
                        0x1fffa213    0x5a  Code  Gb  HW_CAN.o [1]
LPLD_DMA_Init           0x1fff8b75   0x2ac  Code  Gb  HW_DMA.o [1]
LPLD_FTM_ClearCounter   0x1fff588b     0x6  Code  Gb  HW_FTM.o [1]
LPLD_FTM_DEC_Init       0x1fff5f7d     0x8  Code  Lc  HW_FTM.o [1]
LPLD_FTM_GetCounter     0x1fff5885     0x6  Code  Gb  HW_FTM.o [1]
LPLD_FTM_IC_Init        0x1fff59e9    0x96  Code  Lc  HW_FTM.o [1]
LPLD_FTM_Init           0x1fff56ad   0x120  Code  Gb  HW_FTM.o [1]
LPLD_FTM_PWM_ChangeDuty
                        0x1fff5837    0x4e  Code  Gb  HW_FTM.o [1]
LPLD_FTM_PWM_Enable     0x1fff57cd    0x6a  Code  Gb  HW_FTM.o [1]
LPLD_FTM_PWM_Init       0x1fff58c3   0x126  Code  Lc  HW_FTM.o [1]
LPLD_FTM_PinInit        0x1fff5a7f   0x4a4  Code  Lc  HW_FTM.o [1]
LPLD_FTM_QD_Enable      0x1fff5891    0x32  Code  Gb  HW_FTM.o [1]
LPLD_FTM_QD_Init        0x1fff5f41    0x3c  Code  Lc  HW_FTM.o [1]
LPLD_Flash_ByteProgram  0x1fff2d0f    0xd2  Code  Gb  HW_FLASH.o [1]
LPLD_Flash_Init         0x1fff2c21    0x5a  Code  Gb  HW_FLASH.o [1]
LPLD_Flash_SectorErase  0x1fff2c7b    0x94  Code  Gb  HW_FLASH.o [1]
LPLD_GPIO_Init          0x1fff2a79    0xe4  Code  Gb  HW_GPIO.o [1]
LPLD_GPIO_Input_b       0x1fff2b75     0xa  Code  Gb  HW_GPIO.o [1]
LPLD_GPIO_Output_b      0x1fff2b5d    0x18  Code  Gb  HW_GPIO.o [1]
LPLD_LPTMR_ClearCounter
                        0x1fff6653     0xe  Code  Gb  GPT.o [1]
LPLD_LPTMR_GetCounter   0x1fff6631    0x22  Code  Gb  GPT.o [1]
LPLD_LPTMR_GetPulseAcc  0x1fff68c9     0x8  Code  Gb  HW_LPTMR.o [1]
LPLD_LPTMR_Init         0x1fff67e1    0xda  Code  Gb  HW_LPTMR.o [1]
LPLD_LPTMR_ResetCounter
                        0x1fff68bb     0xe  Code  Gb  HW_LPTMR.o [1]
LPLD_NVIC_Init          0x1fffa455   0x104  Code  Gb  HW_NVIC.o [1]
LPLD_PIT_DisableIrq     0x1fff513d    0x26  Code  Gb  HW_PIT.o [1]
LPLD_PIT_EnableIrq      0x1fff5117    0x26  Code  Gb  HW_PIT.o [1]
LPLD_PIT_Init           0x1fff5065    0xb2  Code  Gb  HW_PIT.o [1]
LPLD_PLL_Setup          0x1fffa7b1   0x198  Code  Gb  HW_MCG.o [1]
LPLD_Set_SYS_DIV        0x1fffbb3d    0x4c  Code  Gb  HW_MCG.o [1]
LPLD_UART_Init          0x1fff81ed   0x30e  Code  Gb  HW_UART.o [1]
LPLD_UART_PutChar       0x1fff84fb     0xa  Code  Gb  HW_UART.o [1]
LPTMR_ISR               0x20007be8     0x4  Data  Gb  HW_LPTMR.o [1]
LPT_IRQHandler          0x1fff68d1    0x16  Code  Gb  HW_LPTMR.o [1]
Limiter                 0x1fff417d    0x26  Code  Gb  general.o [1]
Motor_Init              0x1fff4a45    0x20  Code  Gb  motor.o [1]
Motor_Output            0x1fff4ae1    0x7c  Code  Gb  motor.o [1]
Motor_PWM_Init          0x1fff4f25    0x62  Code  Gb  PWM.o [1]
NVIC_DisableIRQ         0x1fff94e1    0x14  Code  Lc  camera_digital.o [1]
NVIC_DisableIRQ         0x1fffa3e1    0x14  Code  Lc  HW_NVIC.o [1]
NVIC_DisableIRQ         0x1fff5051    0x14  Code  Lc  HW_PIT.o [1]
NVIC_EnableIRQ          0x1fff94cd    0x14  Code  Lc  camera_digital.o [1]
NVIC_EnableIRQ          0x1fffa3cd    0x14  Code  Lc  HW_NVIC.o [1]
NVIC_EnableIRQ          0x1fff503d    0x14  Code  Lc  HW_PIT.o [1]
NVIC_EnableIRQ          0x1fffaae1    0x14  Code  Lc  init.o [1]
NVIC_EncodePriority     0x1fffa417    0x3e  Code  Lc  HW_NVIC.o [1]
NVIC_Init               0x1fffacfd    0xe0  Code  Gb  Nvic.o [1]
NVIC_SetPriority        0x1fffa3f5    0x22  Code  Lc  HW_NVIC.o [1]
NVIC_SetPriorityGrouping
                        0x1fffa3b1    0x1c  Code  Lc  HW_NVIC.o [1]
OLED_16X8GB2312         0x1fff9b28   0x280  Data  Gb  oled.o [1]
OLED_ASCII16X8          0x1fff79fc   0x7f0  Data  Gb  oled.o [1]
OS_CPU_SysTickHandler   0x1fffb701     0xa  Code  Gb  HW_SYSTICK.o [1]
PDB_IRQHandler          0x1fffb01d    0x6a  Code  Gb  HW_PDB.o [1]
PDB_ISR                 0x20007bec     0x4  Data  Gb  HW_PDB.o [1]
PDB_SE_ISR              0x20007bf0     0x4  Data  Gb  HW_PDB.o [1]
PIT0_IRQHandler         0x1fff5163    0x16  Code  Gb  HW_PIT.o [1]
PIT1_IRQHandler         0x1fff5179    0x16  Code  Gb  HW_PIT.o [1]
PIT2_IRQHandler         0x1fff518f    0x16  Code  Gb  HW_PIT.o [1]
PIT3_IRQHandler         0x1fff51a5    0x16  Code  Gb  HW_PIT.o [1]
PIT_0_handler           0x1fff4a25     0x8  Code  Gb  PIT.o [1]
PIT_1_handler           0x1fff4a2d     0x8  Code  Gb  PIT.o [1]
PIT_2_handler           0x1fff4a35     0x8  Code  Gb  PIT.o [1]
PIT_3_handler           0x1fff4a3d     0x8  Code  Gb  PIT.o [1]
PIT_ALL_Disable         0x1fff49c9    0x4c  Code  Gb  PIT.o [1]
PIT_ISR                 0x20007bf4    0x10  Data  Gb  HW_PIT.o [1]
PIT_Init                0x1fff485d    0xa0  Code  Gb  PIT.o [1]
PIT_ONE_Disable         0x1fff4963    0x66  Code  Gb  PIT.o [1]
PIT_ONE_Enable          0x1fff48fd    0x66  Code  Gb  PIT.o [1]
PIT_Process_100us       0x1fff51f1     0xc  Code  Gb  interrupt.o [1]
PIT_Process_10us        0x1fff520b     0x2  Code  Gb  interrupt.o [1]
PIT_Process_5ms         0x1fff51fd     0xc  Code  Gb  interrupt.o [1]
PIT_Process_5s          0x1fff5209     0x2  Code  Gb  interrupt.o [1]
PLACC_DECODER           0x200079c4     0xc  Data  Lc  GPT.o [1]
PLACC_DECODER_DIR_GPIO_INIT
                        0x1fff660b    0x12  Code  Gb  GPT.o [1]
PLACC_DECODER_GPT_Init  0x1fff65f5    0x16  Code  Gb  GPT.o [1]
PLACC_GPT_cnv           0x1fff661d    0x14  Code  Gb  GPT.o [1]
PORTA_IRQHandler        0x1fff2b7f    0x12  Code  Gb  HW_GPIO.o [1]
PORTB_IRQHandler        0x1fff2b91    0x12  Code  Gb  HW_GPIO.o [1]
PORTC_IRQHandler        0x1fff2ba3    0x12  Code  Gb  HW_GPIO.o [1]
PORTD_IRQHandler        0x1fff2bb5    0x12  Code  Gb  HW_GPIO.o [1]
PORTE_IRQHandler        0x1fff2bc7    0x12  Code  Gb  HW_GPIO.o [1]
Param_Set               0x1fff188f    0xa0  Code  Gb  slave_computer.o [1]
QD_DECODER              0x200079a8    0x1c  Data  Lc  GPT.o [1]
QD_DECODER_GPT_Init     0x1fff65a9    0x32  Code  Gb  GPT.o [1]
QD_GPT_cnv              0x1fff65db    0x1a  Code  Gb  GPT.o [1]
RTC_IRQHandler          0x1fffb10d    0x56  Code  Gb  HW_RTC.o [1]
RTC_ISR                 0x20007c04     0xc  Data  Gb  HW_RTC.o [1]
Region$$Table$$Base     0x1fffb534           --   Gb  - Linker created -
Region$$Table$$Limit    0x1fffb544           --   Gb  - Linker created -
Reserved110_IRQHandler  0x1fff982d     0x8  Code  Gb  camera_digital.o [1]
Route_Planning          0x1fff3ed9    0x1a  Code  Gb  route.o [1]
SCCB_Ack                0x1fff884d    0x54  Code  Lc  VCAN_SCCB.o [1]
SCCB_GPIO_init          0x1fff870b    0x5c  Code  Gb  VCAN_SCCB.o [1]
SCCB_NoAck              0x1fff88a1    0x54  Code  Lc  VCAN_SCCB.o [1]
SCCB_ReadByte           0x1fff8ac5    0x2c  Code  Gb  VCAN_SCCB.o [1]
SCCB_ReadByte_one       0x1fff8af1    0x84  Code  Lc  VCAN_SCCB.o [1]
SCCB_ReceiveByte        0x1fff89cd    0x78  Code  Lc  VCAN_SCCB.o [1]
SCCB_SendByte           0x1fff8971    0x5c  Code  Lc  VCAN_SCCB.o [1]
SCCB_Start              0x1fff8767    0x9a  Code  Lc  VCAN_SCCB.o [1]
SCCB_Stop               0x1fff8801    0x4c  Code  Lc  VCAN_SCCB.o [1]
SCCB_WaitAck            0x1fff88f5    0x7c  Code  Lc  VCAN_SCCB.o [1]
SCCB_WriteByte          0x1fff8a55    0x28  Code  Gb  VCAN_SCCB.o [1]
SCCB_WriteByte_one      0x1fff8a7d    0x48  Code  Lc  VCAN_SCCB.o [1]
SCCB_delay              0x1fff86f1    0x1a  Code  Lc  VCAN_SCCB.o [1]
SPI0_IRQHandler         0x1fff9da9    0xaa  Code  Gb  HW_SPI.o [1]
SPI0_ISR                0x20007c10    0x18  Data  Gb  HW_SPI.o [1]
SPI1_IRQHandler         0x1fff9e53    0xaa  Code  Gb  HW_SPI.o [1]
SPI1_ISR                0x20007c28    0x18  Data  Gb  HW_SPI.o [1]
SPI2_IRQHandler         0x1fff9efd    0xaa  Code  Gb  HW_SPI.o [1]
SPI2_ISR                0x20007c40    0x18  Data  Gb  HW_SPI.o [1]
SYSTICK_ISR             0x20007c58     0x4  Data  Gb  HW_SYSTICK.o [1]
Select_Mode             0x1fffa9ab   0x132  Code  Gb  Beacon_XBY.o [1]
Select_Mode::head_num   0x1fffbb38     0x1  Data  Lc  Beacon_XBY.o [1]
Servo_Init              0x1fff47b5     0xe  Code  Gb  servo.o [1]
Servo_PWM               0x1fff47c3    0x24  Code  Gb  servo.o [1]
Servo_PWM_Init          0x1fff4f87    0x38  Code  Gb  PWM.o [1]
SetAddressingMode       0x1fff1cdf    0x14  Code  Gb  oled.o [1]
SetChargePump           0x1fff1cf3    0x16  Code  Gb  oled.o [1]
SetCommonConfig         0x1fff1cad    0x16  Code  Gb  oled.o [1]
SetCommonRemap          0x1fff1cc3     0xe  Code  Gb  oled.o [1]
SetContrastControl      0x1fff1c99    0x14  Code  Gb  oled.o [1]
SetDisplayClock         0x1fff1d3f    0x14  Code  Gb  oled.o [1]
SetDisplayOffset        0x1fff1d17    0x14  Code  Gb  oled.o [1]
SetDisplayOnOff         0x1fff1d53     0xe  Code  Gb  oled.o [1]
SetEntireDisplay        0x1fff1c63     0xe  Code  Gb  oled.o [1]
SetInvcharseDisplay     0x1fff1c55     0xe  Code  Gb  oled.o [1]
SetLED                  0x1fff9465    0x5c  Code  Gb  led.o [1]
SetLED::u8LEDBitTemp    0x20007cd8     0x4  Data  Lc  led.o [1]
SetMultiplexRatio       0x1fff1d2b    0x14  Code  Gb  oled.o [1]
SetPrechargePchariod    0x1fff1c85    0x14  Code  Gb  oled.o [1]
SetSegmentRemap         0x1fff1cd1     0xe  Code  Gb  oled.o [1]
SetStartLine            0x1fff1d09     0xe  Code  Gb  oled.o [1]
SetVCOMH                0x1fff1c71    0x14  Code  Gb  oled.o [1]
Set_Angle_Speed         0x1fff5439    0x2e  Code  Gb  speedfast.o [1]
Set_Image_Speed         0x1fff5397    0xa2  Code  Gb  speedfast.o [1]
Set_Motor_PWM           0x1fff4a65    0x7c  Code  Gb  motor.o [1]
Sevro_Output            0x1fff47e7    0x18  Code  Gb  servo.o [1]
Smartcar_Running        0x1fff70c9    0x70  Code  Gb  display.o [1]
Smartcar_Test           0x1fff9305    0x7e  Code  Gb  car_test.o [1]
SoftIsr_Open            0x1fff520d    0x8e  Code  Gb  interrupt.o [1]
Speed_Control           0x1fff52b1    0xe6  Code  Gb  speedfast.o [1]
Speed_Control::car_speed
                        0x20007e4a     0x2  Data  Lc  speedfast.o [1]
Speed_Control::error_delta
                        0x20007e4e     0x2  Data  Lc  speedfast.o [1]
Speed_Control::last_error
                        0x20007e4c     0x2  Data  Lc  speedfast.o [1]
Speed_Control::last_pwm_out
                        0x20007e52     0x2  Data  Lc  speedfast.o [1]
Speed_Control::speed_error
                        0x20007e50     0x2  Data  Lc  speedfast.o [1]
Speed_PWM_Delta         0x1fff54c5   0x150  Code  Gb  speedfast.o [1]
Speed_PWM_Delta::PWM_delta
                        0x1fffba74    0x40  Data  Lc  speedfast.o [1]
Speed_PWM_Delta::Speed_Inside
                        0x1fffbab4    0x40  Data  Lc  speedfast.o [1]
Speed_PWM_Delta::Speed_Outside
                        0x1fffbaf4    0x40  Data  Lc  speedfast.o [1]
Switch_Get_Value        0x1fff93e1    0x42  Code  Gb  switch.o [1]
Switch_Init             0x1fff93c1    0x20  Code  Gb  switch.o [1]
SystemCoreClock         0x1fffbb34     0x4  Data  Gb  system_MK60DZ10.o [1]
SystemCoreClockUpdate   0x1fffa669    0x26  Code  Gb  system_MK60DZ10.o [1]
SystemInit              0x1fffa575    0xf4  Code  Gb  system_MK60DZ10.o [1]
TELE_AD_Init            0x1fffacb9     0xc  Code  Gb  avoidance.o [1]
TSI_IRQHandler          0x1fffb09d    0x5c  Code  Gb  HW_TSI.o [1]
TSI_ISR                 0x20007c5c     0x8  Data  Gb  HW_TSI.o [1]
UART0_IRQHandler        0x1fff8505    0x30  Code  Gb  HW_UART.o [1]
UART1_IRQHandler        0x1fff8535    0x30  Code  Gb  HW_UART.o [1]
UART2_IRQHandler        0x1fff8565    0x30  Code  Gb  HW_UART.o [1]
UART3_IRQHandler        0x1fff8595    0x30  Code  Gb  HW_UART.o [1]
UART4_IRQHandler        0x1fff85c5    0x30  Code  Gb  HW_UART.o [1]
UART5_IRQHandler        0x1fff85f5    0x30  Code  Gb  HW_UART.o [1]
UART_Init               0x1fffacc9    0x30  Code  Gb  UART.o [1]
UART_R_ISR              0x20007c64    0x18  Data  Gb  HW_UART.o [1]
UART_T_ISR              0x20007c7c    0x18  Data  Gb  HW_UART.o [1]
USB_ISR                 0x20007c94     0x4  Data  Gb  HW_USB.o [1]
USB_OTG_IRQHandler      0x1fffb711     0xa  Code  Gb  HW_USB.o [1]
Wait_Beacon             0x1fffab7f    0x34  Code  Gb  init.o [1]
__BOOT_STACK_ADDRESS {Abs}
                        0x2000fff8          Data  Gb  command line/config [2]
__VECTOR_RAM {Abs}      0x1fff0000          Data  Gb  command line/config [2]
__VECTOR_TABLE {Abs}    0x1fff0000          Data  Gb  command line/config [2]
__Vectors               0x1fff0000           --   Gb  startup_K60.o [1]
__Vectors_End           0x1fff0400          Data  Gb  startup_K60.o [1]
__Vectors_Size {Abs}    0x00000400           --   Gb  startup_K60.o [1]
__aeabi_cfcmpeq         0x1fff4b95          Code  Gb  FltCmpEq.o [4]
__aeabi_cfcmple         0x1fff4b71          Code  Gb  FltCmpLe.o [4]
__aeabi_d2f             0x1fff4e95          Code  Gb  DblToFlt.o [4]
__aeabi_d2iz            0x1fff6459          Code  Gb  DblToI32.o [4]
__aeabi_dadd            0x1fff64a5          Code  Gb  DblAdd.o [4]
__aeabi_ddiv            0x1fff77a5          Code  Gb  DblDiv.o [4]
__aeabi_dmul            0x1fff4cf1          Code  Gb  DblMul.o [4]
__aeabi_errno_addr      0x1fff658d     0x6  Code  Gb  errno.o [3]
__aeabi_f2d             0x1fff4bb1          Code  Gb  FltToDbl.o [4]
__aeabi_f2iz            0x1fff4385          Code  Gb  FltToS32.o [4]
__aeabi_f2uiz           0x1fff601d          Code  Gb  FltToU32.o [4]
__aeabi_fadd            0x1fff4685          Code  Gb  FltAdd.o [4]
__aeabi_fdiv            0x1fff44a1          Code  Gb  FltDiv.o [4]
__aeabi_fmul            0x1fff43c9          Code  Gb  FltMul.o [4]
__aeabi_fsub            0x1fff459d          Code  Gb  FltSub.o [4]
__aeabi_i2d             0x1fff642d          Code  Gb  I32ToDbl.o [4]
__aeabi_i2f             0x1fff1a65          Code  Gb  I32ToFlt.o [4]
__aeabi_ui2f            0x1fff1a79          Code  Gb  I32ToFlt.o [4]
__cmain                 0x1fffb565          Code  Gb  cmain.o [5]
__exit                  0x1fffb595    0x14  Code  Gb  exit.o [6]
__iar_Errno             0x1fff0400     0x4  Data  Gb  errno.o [3]
__iar_d2uiz             0x1fff6485          Code  Gb  DblToI32.o [4]
__iar_dadd              0x1fff64b9          Code  Gb  DblAdd.o [4]
__iar_data_init3        0x1fffb4c5    0x28  Code  Gb  data_init.o [5]
__iar_dlib_perthread_access
                        0x1fff67dd     0x2  Code  Gb  xtls.o [3]
__iar_dsub              0x1fff6671          Code  Gb  DblSub.o [4]
__iar_dsubStart         0x1fff6683          Code  Gb  DblSub.o [4]
__iar_edom              0x1fff56a1          Code  Gb  iarEdom.o [5]
__iar_fadd              0x1fff4695          Code  Gb  FltAdd.o [4]
__iar_fsub              0x1fff45ad          Code  Gb  FltSub.o [4]
__iar_fsubStart         0x1fff45bd          Code  Gb  FltSub.o [4]
__iar_program_start     0x1fffb811          Code  Gb  cstartup_M.o [5]
__iar_sqrt              0x1fff4c01          Code  Gb  sqrt.o [4]
__iar_ui2d              0x1fff6441          Code  Gb  I32ToDbl.o [4]
__iar_ui2f              0x1fff1a7d          Code  Gb  I32ToFlt.o [4]
__iar_unaligned___aeabi_memcpy4
                        0x1fff29b1          Code  Gb  ABImemcpy_unaligned.o [5]
__iar_unaligned___aeabi_memcpy8
                        0x1fff29b1          Code  Gb  ABImemcpy_unaligned.o [5]
__iar_zero_init3        0x1fffb289    0x40  Code  Gb  zero_init3.o [5]
__low_level_init        0x1fffb57f     0x4  Code  Gb  low_level_init.o [3]
__vector_table          0x1fff0000          Data  Gb  startup_K60.o [1]
__vector_table_0x1c     0x1fff001c          Data  Gb  startup_K60.o [1]
_call_main              0x1fffb571          Code  Gb  cmain.o [5]
_exit                   0x1fffb589          Code  Gb  cexit.o [5]
_main                   0x1fffb57b          Code  Gb  cmain.o [5]
adc0_init_struct        0x1fffbb88    0x14  Data  Lc  adc.o [1]
adc1_init_struct        0x1fffbb9c    0x14  Data  Lc  adc.o [1]
assert_failed           0x1fff2e0d    0x14  Code  Gb  assert.o [1]
button_scan             0x1fff043f    0x4c  Code  Gb  slave_computer.o [1]
common_relocate         0x1fffa711    0xa0  Code  Gb  relocate.o [1]
compressImage0          0x1fffbbb0  0x2580  Data  Gb  camera_digital.o [1]
compressImage1          0x1fffe130  0x2580  Data  Gb  camera_digital.o [1]
data_init               0x200056ec    0x14  Data  Lc  camera_digital.o [1]
display_image           0x1fff690d    0x62  Code  Gb  display.o [1]
encoder_test            0x1fff91e1    0xb0  Code  Gb  car_test.o [1]
exit                    0x1fffb583     0x4  Code  Gb  exit.o [3]
extractedImage_64x      0x200006b0  0x5000  Data  Gb  camera_digital.o [1]
flexcan_msgobj_param_t  0x200079d8   0x100  Data  Gb  HW_CAN.o [1]
g_bus_clock             0x1fffba18     0x4  Data  Gb  HW_MCG.o [1]
g_core_clock            0x1fffba14     0x4  Data  Gb  HW_MCG.o [1]
g_flashDataBuffer       0x200078cc    0xc8  Data  Gb  flash.o [1]
g_flash_clock           0x1fffba1c     0x4  Data  Gb  HW_MCG.o [1]
g_flexbus_clock         0x1fffba20     0x4  Data  Gb  HW_MCG.o [1]
g_ftm_motor_struct      0x20007d4c    0x1c  Data  Lc  PWM.o [1]
g_ftm_servo_struct      0x20007d68    0x1c  Data  Lc  PWM.o [1]
g_row                   0x1fffb92c    0x80  Data  Gb  camera_digital.o [1]
g_u8DigitalCameraThreshold
                        0x20007e59     0x1  Data  Gb  car_info.o [1]
gc_left_offset          0x20007e5c     0x1  Data  Gb  car_info.o [1]
gc_not_found_count      0x20007e5e     0x1  Data  Gb  car_info.o [1]
gc_right_offset         0x20007e5d     0x1  Data  Gb  car_info.o [1]
gc_tele_barrier_count   0x20007e61     0x1  Data  Gb  car_info.o [1]
get_infrared_command    0x1fff94c9     0x4  Code  Gb  infrared_decode.o [1]
gf_acce_kp              0x20005744     0x4  Data  Gb  car_info.o [1]
gf_angle_speed_kp       0x2000573c     0x4  Data  Gb  car_info.o [1]
gf_beacon_offset_P      0x20007880     0x4  Data  Gb  car_info.o [1]
gf_center_err_P         0x2000787c     0x4  Data  Gb  car_info.o [1]
gf_dece_kp              0x20005740     0x4  Data  Gb  car_info.o [1]
gf_direction_d          0x20005764     0x4  Data  Gb  car_info.o [1]
gf_direction_p          0x20005760     0x4  Data  Gb  car_info.o [1]
gf_speed_i              0x20005738     0x4  Data  Gb  car_info.o [1]
gf_speed_p              0x20005734     0x4  Data  Gb  car_info.o [1]
gi_area_thredhold_1     0x20007e10     0x2  Data  Gb  car_info.o [1]
gi_area_thredhold_2     0x20007e12     0x2  Data  Gb  car_info.o [1]
gi_edge_left            0x20005778    0x80  Data  Gb  car_info.o [1]
gi_edge_left_value      0x20007e1a     0x2  Data  Gb  car_info.o [1]
gi_edge_right           0x200057f8    0x80  Data  Gb  car_info.o [1]
gi_edge_right_value     0x20007e1c     0x2  Data  Gb  car_info.o [1]
gi_end_line             0x20007e26     0x2  Data  Gb  car_info.o [1]
gi_image_area           0x20007e2a     0x2  Data  Gb  car_info.o [1]
gi_image_area_ave       0x20007e32     0x2  Data  Gb  car_info.o [1]
gi_image_center         0x20007e22     0x2  Data  Gb  car_info.o [1]
gi_image_center_ave     0x20007e30     0x2  Data  Gb  car_info.o [1]
gi_image_end_ave        0x20007e36     0x2  Data  Gb  car_info.o [1]
gi_image_err            0x20007e18     0x2  Data  Gb  car_info.o [1]
gi_image_left_ave       0x20007e2c     0x2  Data  Gb  car_info.o [1]
gi_image_right_ave      0x20007e2e     0x2  Data  Gb  car_info.o [1]
gi_image_start_ave      0x20007e34     0x2  Data  Gb  car_info.o [1]
gi_image_vertical       0x20007e24     0x2  Data  Gb  car_info.o [1]
gi_image_vertical_ave   0x20007e38     0x2  Data  Gb  car_info.o [1]
gi_left_count           0x20007e1e     0x2  Data  Gb  car_info.o [1]
gi_left_speed           0x20007e14     0x2  Data  Gb  car_info.o [1]
gi_right_count          0x20007e20     0x2  Data  Gb  car_info.o [1]
gi_right_speed          0x20007e16     0x2  Data  Gb  car_info.o [1]
gi_start_line           0x20007e28     0x2  Data  Gb  car_info.o [1]
gi_tele_barrier_distance
                        0x20007e3a     0x2  Data  Gb  car_info.o [1]
gi_ultrasonic_value     0x20007884     0xc  Data  Gb  car_info.o [1]
gl_car_running_distance
                        0x2000574c     0x4  Data  Gb  car_info.o [1]
gl_car_speed            0x20005748     0x4  Data  Gb  car_info.o [1]
gl_direction_set        0x20005768     0x4  Data  Gb  car_info.o [1]
gl_gpio_oled_dc         0x1fffba4c    0x14  Data  Gb  oled.o [1]
gl_gpio_oled_rst        0x1fffba60    0x14  Data  Gb  oled.o [1]
gl_gpio_oled_sclk       0x1fffba24    0x14  Data  Gb  oled.o [1]
gl_gpio_oled_sdin       0x1fffba38    0x14  Data  Gb  oled.o [1]
gl_left_encoder_count   0x20005758     0x4  Data  Gb  car_info.o [1]
gl_pwm_out              0x20005754     0x4  Data  Gb  car_info.o [1]
gl_right_encoder_count  0x2000575c     0x4  Data  Gb  car_info.o [1]
gl_servo_center         0x20005770     0x4  Data  Gb  car_info.o [1]
gl_servo_pwm            0x2000576c     0x4  Data  Gb  car_info.o [1]
gl_speed_set            0x20005750     0x4  Data  Gb  car_info.o [1]
gpio_struct_sccb        0x20007df8    0x14  Data  Lc  VCAN_SCCB.o [1]
guc_beacon_directional_x
                        0x20007e5f     0x1  Data  Gb  car_info.o [1]
guc_beacon_directional_y
                        0x20007e60     0x1  Data  Gb  car_info.o [1]
guc_beep_CTL_flag       0x20007e57     0x1  Data  Gb  car_info.o [1]
guc_camera_image_Ok     0x20007e5a     0x1  Data  Gb  car_info.o [1]
guc_car_run_flag        0x20007e58     0x1  Data  Gb  car_info.o [1]
guc_center_flag         0x1fffbb39     0x1  Data  Gb  car_info.o [1]
guc_corrected_image     0x2000587c  0x2000  Data  Gb  car_info.o [1]
guc_cur_image           0x20005878     0x4  Data  Gb  car_info.o [1]
guc_find_image_flag     0x20007e5b     0x1  Data  Gb  car_info.o [1]
guc_infrared_value      0x20007890     0x8  Data  Gb  car_info.o [1]
guc_switch_pin_val      0x20007e0e     0x2  Data  Gb  car_info.o [1]
gul_image_period        0x20005774     0x4  Data  Gb  car_info.o [1]
gul_time_100us          0x2000572c     0x4  Data  Gb  car_info.o [1]
gul_time_start          0x20005730     0x4  Data  Gb  car_info.o [1]
h_init                  0x200056b0    0x14  Data  Lc  camera_digital.o [1]
image1_parameter        0x1fff696f   0x15e  Code  Gb  display.o [1]
image2_parameter        0x1fff6acd   0x122  Code  Gb  display.o [1]
img_extract_for_64x     0x1fff96ff    0x78  Code  Gb  camera_digital.o [1]
img_rowcol_128X64       0x1fff97dd    0x50  Code  Gb  camera_digital.o [1]
infrared_parameter      0x1fff6f79   0x150  Code  Gb  display.o [1]
infrared_test           0x1fff90d5    0x88  Code  Gb  car_test.o [1]
least_spuare            0x1fff41a3   0x1b2  Code  Gb  general.o [1]
led_test                0x1fff904d    0x88  Code  Gb  car_test.o [1]
main                    0x1fffa949    0x62  Code  Gb  Beacon_XBY.o [1]
nvic_init_struct        0x20007cdc    0x14  Data  Lc  Nvic.o [1]
ocb_table               0x20007cf0     0xc  Data  Lc  oled.o [1]
oled_display_16x8char   0x1fff1d9b    0x68  Code  Gb  oled.o [1]
oled_display_16x8char_hl
                        0x1fff1e03    0x70  Code  Gb  oled.o [1]
oled_display_16x8str    0x1fff1ee7    0xa2  Code  Gb  oled.o [1]
oled_display_16x8str_hl
                        0x1fff1f89    0xaa  Code  Gb  oled.o [1]
oled_display_6x8char    0x1fff1d61    0x3a  Code  Gb  oled.o [1]
oled_display_6x8char_hl
                        0x1fff2561    0x3c  Code  Gb  oled.o [1]
oled_display_6x8str     0x1fff1e73    0x74  Code  Gb  oled.o [1]
oled_display_6x8str_hl  0x1fff259d    0x6c  Code  Gb  oled.o [1]
oled_display_boolean    0x1fff2913    0x50  Code  Gb  oled.o [1]
oled_display_chinese    0x1fff2799   0x17a  Code  Gb  oled.o [1]
oled_fill               0x1fff1c2f    0x26  Code  Gb  oled.o [1]
oled_init               0x1fff24b9    0x90  Code  Gb  oled.o [1]
oled_pin_init           0x1fff1a99    0x9e  Code  Gb  oled.o [1]
oled_print_16x8short    0x1fff2129    0xee  Code  Gb  oled.o [1]
oled_print_16x8short_hl
                        0x1fff2217   0x188  Code  Gb  oled.o [1]
oled_print_mirror_image
                        0x1fff239f   0x108  Code  Gb  oled.o [1]
oled_print_short        0x1fff2033    0xf6  Code  Gb  oled.o [1]
oled_print_short_hl     0x1fff2615   0x184  Code  Gb  oled.o [1]
oled_print_std_image    0x1fff24a7    0x10  Code  Gb  oled.o [1]
oled_set_pos            0x1fff1c07    0x28  Code  Gb  oled.o [1]
oled_write_command      0x1fff1ba1    0x66  Code  Gb  oled.o [1]
oled_write_data         0x1fff1b39    0x66  Code  Gb  oled.o [1]
out_char                0x1fffb62d     0xe  Code  Gb  io.o [1]
ov7725_eagle_cfgnum     0x1fffbb3a     0x1  Data  Gb  FIRE_OV7725_Eagle.o [1]
ov7725_eagle_init       0x1fffabd9     0xe  Code  Gb  FIRE_OV7725_Eagle.o [1]
ov7725_eagle_reg        0x1fffb9ac    0x68  Data  Gb  FIRE_OV7725_Eagle.o [1]
ov7725_eagle_reg_init   0x1fffabe7    0xb6  Code  Lc  FIRE_OV7725_Eagle.o [1]
param_check             0x1fff08f5     0x2  Code  Gb  slave_computer.o [1]
param_default           0x20007e48     0x2  Data  Gb  slave_computer.o [1]
param_init              0x1fff0a67    0xdc  Code  Gb  slave_computer.o [1]
param_load              0x1fff048b   0x1c2  Code  Gb  slave_computer.o [1]
param_save              0x1fff08f7   0x170  Code  Gb  slave_computer.o [1]
param_set_delay         0x1fff0425    0x1a  Code  Gb  slave_computer.o [1]
param_use               0x1fff064d   0x2a8  Code  Gb  slave_computer.o [1]
pclk_init               0x200056d8    0x14  Data  Lc  camera_digital.o [1]
printf                  0x1fff32db    0x1e  Code  Gb  printf.o [1]
printk                  0x1fff2ef9   0x3e2  Code  Gb  printf.o [1]
printk_mknumstr         0x1fff2e4d    0x70  Code  Lc  printf.o [1]
printk_pad_space        0x1fff2edb    0x1e  Code  Lc  printf.o [1]
printk_pad_zero         0x1fff2ebd    0x1e  Code  Lc  printf.o [1]
printk_putc             0x1fff2e21    0x2c  Code  Lc  printf.o [1]
running_parameter       0x1fff6e45   0x134  Code  Gb  display.o [1]
s_left_pls_count        0x200078ac     0xc  Data  Lc  encoder.o [1]
s_parameter             0x20007da4    0x54  Data  Lc  slave_computer.o [1]
s_right_pls_count       0x200078b8     0xc  Data  Lc  encoder.o [1]
sc_horizon_flag         0x20007e68     0x1  Data  Lc  route.o [1]
servo_test              0x1fff915d    0x84  Code  Gb  car_test.o [1]
set_page_1              0x1fff1749     0x8  Code  Gb  slave_computer.o [1]
set_page_16x8common     0x1fff12c1   0x488  Code  Gb  slave_computer.o [1]
set_page_2              0x1fff1751    0x30  Code  Gb  slave_computer.o [1]
set_page_3              0x1fff1781    0x38  Code  Gb  slave_computer.o [1]
set_page_4              0x1fff17b9    0x36  Code  Gb  slave_computer.o [1]
set_page_5              0x1fff17ef    0x30  Code  Gb  slave_computer.o [1]
set_page_6              0x1fff181f    0x58  Code  Gb  slave_computer.o [1]
set_page_7              0x1fff1877     0x8  Code  Gb  slave_computer.o [1]
set_page_8              0x1fff187f     0x8  Code  Gb  slave_computer.o [1]
set_page_9              0x1fff1887     0x8  Code  Gb  slave_computer.o [1]
set_page_able           0x1fff0c25    0xb6  Code  Gb  slave_computer.o [1]
set_page_common         0x1fff0d95   0x52c  Code  Gb  slave_computer.o [1]
set_page_ent            0x1fff0bb5    0x70  Code  Gb  slave_computer.o [1]
set_page_first          0x1fff0b43    0x72  Code  Gb  slave_computer.o [1]
set_page_last           0x1fff0cdb    0x56  Code  Gb  slave_computer.o [1]
speed_parameter         0x1fff6d1d   0x128  Code  Gb  display.o [1]
sqrt                    0x1fff4c01          Code  Gb  sqrt.o [4]
sqrtl                   0x1fff4c01          Code  Gb  sqrt.o [4]
strcpy                  0x1fff298d    0x24  Code  Gb  stdlib.o [1]
strlen                  0x1fff2971    0x1c  Code  Gb  stdlib.o [1]
struct_PIT_0            0x20007cfc    0x14  Data  Gb  PIT.o [1]
struct_PIT_1            0x20007d10    0x14  Data  Gb  PIT.o [1]
struct_PIT_2            0x20007d24    0x14  Data  Gb  PIT.o [1]
struct_PIT_3            0x20007d38    0x14  Data  Gb  PIT.o [1]
suc_exit_test_flag      0x20007e62     0x1  Data  Lc  car_test.o [1]
suc_exit_test_flag      0x20007e64     0x1  Data  Lc  display.o [1]
sui_row_cnt             0x20007e0c     0x2  Data  Lc  camera_digital.o [1]
switch_test             0x1fff8fa5    0xa8  Code  Gb  car_test.o [1]
test_exit               0x1fff9291    0x74  Code  Gb  car_test.o [1]
u8Useful_v              0x20007e56     0x1  Data  Gb  camera_digital.o [1]
ultrasonic_parameter    0x1fff6bf9   0x124  Code  Gb  display.o [1]
v_init                  0x200056c4    0x14  Data  Lc  camera_digital.o [1]


[1] = D:\Freescale\信标\Beacon_C1 -NXP\project\Beacon_XBY\iar\RAM\Obj
[2] = command line
[3] = dl7M_tln.a
[4] = m7M_tl.a
[5] = rt7M_tl.a
[6] = shb_l.a

  41 682 bytes of readonly  code memory
      76 bytes of readwrite code memory
   5 710 bytes of readonly  data memory
  51 447 bytes of readwrite data memory

Errors: none
Warnings: none
