###############################################################################
#
# IAR ANSI C/C++ Compiler V7.70.1.11437/W32 for ARM       19/Jul/2019  16:52:19
# Copyright 1999-2016 IAR Systems AB.
#
#    Cpu mode     =  thumb
#    Endian       =  little
#    Source file  =  
#        D:\Freescale\信标\Beacon_C1
#        -NXP\project\Beacon_XBY\app\driver\src\UART.c
#    Command line =  
#        "D:\Freescale\信标\Beacon_C1
#        -NXP\project\Beacon_XBY\app\driver\src\UART.c" -D LPLD_K60 -lCN
#        "D:\Freescale\信标\Beacon_C1 -NXP\project\Beacon_XBY\iar\RAM\List" -lB
#        "D:\Freescale\信标\Beacon_C1 -NXP\project\Beacon_XBY\iar\RAM\List" -o
#        "D:\Freescale\信标\Beacon_C1 -NXP\project\Beacon_XBY\iar\RAM\Obj"
#        --no_cse --no_unroll --no_inline --no_code_motion --no_tbaa
#        --no_clustering --no_scheduling --debug --endian=little
#        --cpu=Cortex-M4 -e --fpu=None --dlib_config "D:\Program Files
#        (x86)\IAR Systems\Embedded Workbench
#        7.5\arm\INC\c\DLib_Config_Normal.h" -I "D:\Freescale\信标\Beacon_C1
#        -NXP\project\Beacon_XBY\iar\..\app\" -I "D:\Freescale\信标\Beacon_C1
#        -NXP\project\Beacon_XBY\iar\..\..\..\lib\CPU\" -I
#        "D:\Freescale\信标\Beacon_C1
#        -NXP\project\Beacon_XBY\iar\..\..\..\lib\common\" -I
#        "D:\Freescale\信标\Beacon_C1
#        -NXP\project\Beacon_XBY\iar\..\..\..\lib\LPLD\" -I
#        "D:\Freescale\信标\Beacon_C1
#        -NXP\project\Beacon_XBY\iar\..\..\..\lib\LPLD\HW\" -I
#        "D:\Freescale\信标\Beacon_C1
#        -NXP\project\Beacon_XBY\iar\..\..\..\lib\LPLD\DEV\" -I
#        "D:\Freescale\信标\Beacon_C1
#        -NXP\project\Beacon_XBY\iar\..\..\..\lib\LPLD\FUNC\" -I
#        "D:\Freescale\信标\Beacon_C1
#        -NXP\project\Beacon_XBY\iar\..\..\..\lib\uCOS-II\Ports\" -I
#        "D:\Freescale\信标\Beacon_C1
#        -NXP\project\Beacon_XBY\iar\..\..\..\lib\uCOS-II\Source\" -I
#        "D:\Freescale\信标\Beacon_C1
#        -NXP\project\Beacon_XBY\iar\..\..\..\lib\FatFs\" -I
#        "D:\Freescale\信标\Beacon_C1
#        -NXP\project\Beacon_XBY\iar\..\..\..\lib\FatFs\option\" -I
#        "D:\Freescale\信标\Beacon_C1
#        -NXP\project\Beacon_XBY\iar\..\..\..\lib\USB\common\" -I
#        "D:\Freescale\信标\Beacon_C1
#        -NXP\project\Beacon_XBY\iar\..\..\..\lib\USB\driver\" -I
#        "D:\Freescale\信标\Beacon_C1
#        -NXP\project\Beacon_XBY\iar\..\..\..\lib\USB\descriptor\" -I
#        "D:\Freescale\信标\Beacon_C1
#        -NXP\project\Beacon_XBY\iar\..\..\..\lib\USB\class\" -I
#        "D:\Freescale\信标\Beacon_C1
#        -NXP\project\Beacon_XBY\iar\..\app\control\inc\" -I
#        "D:\Freescale\信标\Beacon_C1
#        -NXP\project\Beacon_XBY\iar\..\app\control\src\" -I
#        "D:\Freescale\信标\Beacon_C1
#        -NXP\project\Beacon_XBY\iar\..\app\debug\inc\" -I
#        "D:\Freescale\信标\Beacon_C1
#        -NXP\project\Beacon_XBY\iar\..\app\debug\src\" -I
#        "D:\Freescale\信标\Beacon_C1
#        -NXP\project\Beacon_XBY\iar\..\app\device\inc\" -I
#        "D:\Freescale\信标\Beacon_C1
#        -NXP\project\Beacon_XBY\iar\..\app\device\src\" -I
#        "D:\Freescale\信标\Beacon_C1
#        -NXP\project\Beacon_XBY\iar\..\app\driver\inc\" -I
#        "D:\Freescale\信标\Beacon_C1
#        -NXP\project\Beacon_XBY\iar\..\app\driver\src\" -I
#        "D:\Freescale\信标\Beacon_C1
#        -NXP\project\Beacon_XBY\iar\..\app\signal\inc\" -I
#        "D:\Freescale\信标\Beacon_C1
#        -NXP\project\Beacon_XBY\iar\..\app\signal\src\" -I
#        "D:\Freescale\信标\Beacon_C1
#        -NXP\project\Beacon_XBY\iar\..\app\system\" -Ol -I "D:\Program Files
#        (x86)\IAR Systems\Embedded Workbench 7.5\arm\CMSIS\Include\"
#    Locale       =  Chinese (Simplified)_China.936
#    List file    =  
#        D:\Freescale\信标\Beacon_C1
#        -NXP\project\Beacon_XBY\iar\RAM\List\UART.lst
#    Object file  =  
#        D:\Freescale\信标\Beacon_C1 -NXP\project\Beacon_XBY\iar\RAM\Obj\UART.o
#
###############################################################################

D:\Freescale\信标\Beacon_C1 -NXP\project\Beacon_XBY\app\driver\src\UART.c
      1          #include "uart.h"
      2          
      3          
      4          /*==============================*
      5           *		函数名：UART_Init()
      6           *		UART初始化
      7           *==============================*/

   \                                 In section .text, align 2, keep-with-next
      8          void UART_Init()
      9          {
   \                     UART_Init: (+1)
   \   00000000   0xB500             PUSH     {LR}
   \   00000002   0xB087             SUB      SP,SP,#+28
     10          	UART_InitTypeDef struct_uart;
     11          	
     12          	struct_uart.UART_Uartx = UART_ID;
   \   00000004   0x....             LDR.N    R0,??DataTable3  ;; 0x4006a000
   \   00000006   0x9001             STR      R0,[SP, #+4]
     13          	struct_uart.UART_BaudRate = UART_BAUDRATE; //设置波特率
   \   00000008   0xF45F 0x30E1      MOVS     R0,#+115200
   \   0000000C   0x9002             STR      R0,[SP, #+8]
     14          //	struct_uart.UART_RxIntEnable = TURE;
     15          //	struct_uart.UART_RxIsr = UART_HANDLER;
     16          	struct_uart.UART_RxPin = UART_RXD;
   \   0000000E   0x2030             MOVS     R0,#+48
   \   00000010   0xF88D 0x000D      STRB     R0,[SP, #+13]
     17          	struct_uart.UART_TxPin = UART_TXD;
   \   00000014   0x2031             MOVS     R0,#+49
   \   00000016   0xF88D 0x000C      STRB     R0,[SP, #+12]
     18          	//初始化UART
     19          	LPLD_UART_Init(struct_uart);
   \   0000001A   0xA901             ADD      R1,SP,#+4
   \   0000001C   0xB084             SUB      SP,SP,#+16
   \   0000001E   0x4668             MOV      R0,SP
   \   00000020   0x2214             MOVS     R2,#+20
   \   00000022   0x.... 0x....      BL       __aeabi_memcpy4
   \   00000026   0xBC0F             POP      {R0-R3}
   \   00000028   0x.... 0x....      BL       LPLD_UART_Init
     20          
     21          //	LPLD_UART_EnableIrq(struct_uart);
     22          }
   \   0000002C   0xB007             ADD      SP,SP,#+28
   \   0000002E   0xBD00             POP      {PC}             ;; return
     23          
     24          
     25          /*==========================================*
     26           *		函数名：UART_Sendchar(int8 data)
     27           *		UART发送一个字符型数据
     28           *==========================================*/

   \                                 In section .text, align 2, keep-with-next
     29          void UART_Sendchar(uint8 data)
     30          {
   \                     UART_Sendchar: (+1)
   \   00000000   0xB580             PUSH     {R7,LR}
     31          	LPLD_UART_PutChar(UART_ID, data);
   \   00000002   0x0001             MOVS     R1,R0
   \   00000004   0xB249             SXTB     R1,R1            ;; SignExt  R1,R1,#+24,#+24
   \   00000006   0x....             LDR.N    R0,??DataTable3  ;; 0x4006a000
   \   00000008   0x.... 0x....      BL       LPLD_UART_PutChar
     32          }
   \   0000000C   0xBD01             POP      {R0,PC}          ;; return
     33          
     34          
     35          /*=============================================*
     36           *		函数名：UART_Sendstring(int8 *pstr)
     37           *		UART发送一个字符串数据
     38           *=============================================*/

   \                                 In section .text, align 2, keep-with-next
     39          void UART_Sendstring(int8 *pstr)
     40          {
   \                     UART_Sendstring: (+1)
   \   00000000   0xB580             PUSH     {R7,LR}
     41          	int32 length = 0;
   \   00000002   0x2200             MOVS     R2,#+0
   \   00000004   0xE000             B.N      ??UART_Sendstring_0
     42          	
     43          	for(; pstr[length] != '\0';)
     44          	{
     45          		length++;
   \                     ??UART_Sendstring_1: (+1)
   \   00000006   0x1C52             ADDS     R2,R2,#+1
     46          	}
   \                     ??UART_Sendstring_0: (+1)
   \   00000008   0x5681             LDRSB    R1,[R0, R2]
   \   0000000A   0x2900             CMP      R1,#+0
   \   0000000C   0xD1FB             BNE.N    ??UART_Sendstring_1
     47          	length++;
   \   0000000E   0x1C52             ADDS     R2,R2,#+1
     48          
     49          	LPLD_UART_PutCharArr(UART_ID,pstr,length);
   \   00000010   0x0001             MOVS     R1,R0
   \   00000012   0x....             LDR.N    R0,??DataTable3  ;; 0x4006a000
   \   00000014   0x.... 0x....      BL       LPLD_UART_PutCharArr
     50          }
   \   00000018   0xBD01             POP      {R0,PC}          ;; return
     51          
     52          
     53          /*====================================*
     54           *		函数名：UART_Receivechar()
     55           *		UART接受一个字符型数据
     56           *====================================*/

   \                                 In section .text, align 2, keep-with-next
     57          int8 UART_Receivechar()
     58          {
   \                     UART_Receivechar: (+1)
   \   00000000   0xB580             PUSH     {R7,LR}
     59          	return LPLD_UART_GetChar(UART_ID);
   \   00000002   0x....             LDR.N    R0,??DataTable3  ;; 0x4006a000
   \   00000004   0x.... 0x....      BL       LPLD_UART_GetChar
   \   00000008   0xBD02             POP      {R1,PC}          ;; return
     60          }

   \                                 In section .text, align 4, keep-with-next
   \                     ??DataTable3:
   \   00000000   0x4006A000         DC32     0x4006a000

   Maximum stack usage in bytes:

   .cstack Function
   ------- --------
      48   UART_Init
        32   -> LPLD_UART_Init
        48   -> __aeabi_memcpy4
       8   UART_Receivechar
         8   -> LPLD_UART_GetChar
       8   UART_Sendchar
         8   -> LPLD_UART_PutChar
       8   UART_Sendstring
         8   -> LPLD_UART_PutCharArr


   Section sizes:

   Bytes  Function/Label
   -----  --------------
       4  ??DataTable3
      48  UART_Init
      10  UART_Receivechar
      14  UART_Sendchar
      26  UART_Sendstring

 
 102 bytes in section .text
 
 102 bytes of CODE memory

Errors: none
Warnings: none
