###############################################################################
#
# IAR ANSI C/C++ Compiler V7.70.1.11437/W32 for ARM       27/Jul/2018  20:43:48
# Copyright 1999-2016 IAR Systems AB.
#
#    Cpu mode     =  thumb
#    Endian       =  little
#    Source file  =  
#        D:\Freescale\信标\Beacon_C1
#        -NXP\project\Beacon_XBY\app\system\interrupt.c
#    Command line =  
#        "D:\Freescale\信标\Beacon_C1
#        -NXP\project\Beacon_XBY\app\system\interrupt.c" -D LPLD_K60 -lCN
#        "D:\Freescale\信标\Beacon_C1 -NXP\project\Beacon_XBY\iar\FLASH\List"
#        -lB "D:\Freescale\信标\Beacon_C1
#        -NXP\project\Beacon_XBY\iar\FLASH\List" -o
#        "D:\Freescale\信标\Beacon_C1 -NXP\project\Beacon_XBY\iar\FLASH\Obj"
#        --no_cse --no_unroll --no_inline --no_code_motion --no_tbaa
#        --no_clustering --no_scheduling --debug --endian=little
#        --cpu=Cortex-M4 -e --fpu=None --dlib_config "D:\Program Files
#        (x86)\IAR Systems\Embedded Workbench
#        7.5\arm\INC\c\DLib_Config_Normal.h" -I "D:\Freescale\信标\Beacon_C1
#        -NXP\project\Beacon_XBY\iar\..\app\" -I "D:\Freescale\信标\Beacon_C1
#        -NXP\project\Beacon_XBY\iar\..\..\..\lib\CPU\" -I
#        "D:\Freescale\信标\Beacon_C1
#        -NXP\project\Beacon_XBY\iar\..\..\..\lib\common\" -I
#        "D:\Freescale\信标\Beacon_C1
#        -NXP\project\Beacon_XBY\iar\..\..\..\lib\LPLD\" -I
#        "D:\Freescale\信标\Beacon_C1
#        -NXP\project\Beacon_XBY\iar\..\..\..\lib\LPLD\HW\" -I
#        "D:\Freescale\信标\Beacon_C1
#        -NXP\project\Beacon_XBY\iar\..\..\..\lib\LPLD\DEV\" -I
#        "D:\Freescale\信标\Beacon_C1
#        -NXP\project\Beacon_XBY\iar\..\..\..\lib\uCOS-II\Ports\" -I
#        "D:\Freescale\信标\Beacon_C1
#        -NXP\project\Beacon_XBY\iar\..\..\..\lib\uCOS-II\Source\" -I
#        "D:\Freescale\信标\Beacon_C1
#        -NXP\project\Beacon_XBY\iar\..\..\..\lib\FatFs\" -I
#        "D:\Freescale\信标\Beacon_C1
#        -NXP\project\Beacon_XBY\iar\..\..\..\lib\FatFs\option\" -I
#        "D:\Freescale\信标\Beacon_C1
#        -NXP\project\Beacon_XBY\iar\..\..\..\lib\USB\common\" -I
#        "D:\Freescale\信标\Beacon_C1
#        -NXP\project\Beacon_XBY\iar\..\..\..\lib\USB\driver\" -I
#        "D:\Freescale\信标\Beacon_C1
#        -NXP\project\Beacon_XBY\iar\..\..\..\lib\USB\descriptor\" -I
#        "D:\Freescale\信标\Beacon_C1
#        -NXP\project\Beacon_XBY\iar\..\..\..\lib\USB\class\" -I
#        "D:\Freescale\信标\Beacon_C1
#        -NXP\project\Beacon_XBY\iar\..\..\..\lib\LPLD\FUNC\" -I
#        "D:\Freescale\信标\Beacon_C1 -NXP\project\Beacon_XBY\app\driver\inc\"
#        -I "D:\Freescale\信标\Beacon_C1
#        -NXP\project\Beacon_XBY\app\driver\src\" -I
#        "D:\Freescale\信标\Beacon_C1 -NXP\project\Beacon_XBY\app\control\inc\"
#        -I "D:\Freescale\信标\Beacon_C1
#        -NXP\project\Beacon_XBY\app\control\src\" -I
#        "D:\Freescale\信标\Beacon_C1 -NXP\project\Beacon_XBY\app\debug\inc\"
#        -I "D:\Freescale\信标\Beacon_C1
#        -NXP\project\Beacon_XBY\app\debug\src\" -I
#        "D:\Freescale\信标\Beacon_C1 -NXP\project\Beacon_XBY\app\device\src\"
#        -I "D:\Freescale\信标\Beacon_C1
#        -NXP\project\Beacon_XBY\app\device\inc\" -I
#        "D:\Freescale\信标\Beacon_C1 -NXP\project\Beacon_XBY\app\signal\inc\"
#        -I "D:\Freescale\信标\Beacon_C1
#        -NXP\project\Beacon_XBY\app\signal\src\" -I
#        "D:\Freescale\信标\Beacon_C1 -NXP\project\Beacon_XBY\app\system\" -Ol
#        -I "D:\Program Files (x86)\IAR Systems\Embedded Workbench
#        7.5\arm\CMSIS\Include\" -D ARM_MATH_CM4
#    Locale       =  Chinese (Simplified)_China.936
#    List file    =  
#        D:\Freescale\信标\Beacon_C1
#        -NXP\project\Beacon_XBY\iar\FLASH\List\interrupt.lst
#    Object file  =  
#        D:\Freescale\信标\Beacon_C1
#        -NXP\project\Beacon_XBY\iar\FLASH\Obj\interrupt.o
#
###############################################################################

D:\Freescale\信标\Beacon_C1 -NXP\project\Beacon_XBY\app\system\interrupt.c
      1          #include "include.h"
      2          

   \                                 In section .text, align 2, keep-with-next
      3          void PIT_Process_100us()
      4          {
      5              gul_time_100us++;
   \                     PIT_Process_100us: (+1)
   \   00000000   0x....             LDR.N    R0,??DataTable1
   \   00000002   0x6800             LDR      R0,[R0, #+0]
   \   00000004   0x1C40             ADDS     R0,R0,#+1
   \   00000006   0x....             LDR.N    R1,??DataTable1
   \   00000008   0x6008             STR      R0,[R1, #+0]
      6          }
   \   0000000A   0x4770             BX       LR               ;; return
      7          

   \                                 In section .text, align 2, keep-with-next
      8          void PIT_Process_5ms()
      9          {
   \                     PIT_Process_5ms: (+1)
   \   00000000   0xB580             PUSH     {R7,LR}
     10              Speed_Control();
   \   00000002   0x.... 0x....      BL       Speed_Control
     11              Infrared_Directional();
   \   00000006   0x.... 0x....      BL       Infrared_Directional
     12              //Barrier_Distance();
     13              //Get_Ultrasonic_Value();
     14          }
   \   0000000A   0xBD01             POP      {R0,PC}          ;; return
     15          

   \                                 In section .text, align 2, keep-with-next
     16          void PIT_Process_5s()
     17          {
     18          //    Car_Back();
     19          }
   \                     PIT_Process_5s: (+1)
   \   00000000   0x4770             BX       LR               ;; return
     20          

   \                                 In section .text, align 2, keep-with-next
     21          void PIT_Process_10us()
     22          {
     23          
     24          }
   \                     PIT_Process_10us: (+1)
   \   00000000   0x4770             BX       LR               ;; return
     25          

   \                                 In section .text, align 2, keep-with-next
     26          void SoftIsr_Open(IRQn_Type irqx)
     27          {
   \                     SoftIsr_Open: (+1)
   \   00000000   0xB410             PUSH     {R4}
     28            if (irqx < 32)
   \   00000002   0xB240             SXTB     R0,R0            ;; SignExt  R0,R0,#+24,#+24
   \   00000004   0x2820             CMP      R0,#+32
   \   00000006   0xDA0E             BGE.N    ??SoftIsr_Open_0
     29            {
     30              NVIC->ISPR[0] |= ((uint32)1 << (irqx % 32));
   \   00000008   0xB240             SXTB     R0,R0            ;; SignExt  R0,R0,#+24,#+24
   \   0000000A   0x2120             MOVS     R1,#+32
   \   0000000C   0x....             LDR.N    R2,??DataTable1_1  ;; 0xe000e200
   \   0000000E   0x6812             LDR      R2,[R2, #+0]
   \   00000010   0x2301             MOVS     R3,#+1
   \   00000012   0xFB90 0xF4F1      SDIV     R4,R0,R1
   \   00000016   0xFB01 0x0014      MLS      R0,R1,R4,R0
   \   0000001A   0xFA13 0xF000      LSLS     R0,R3,R0
   \   0000001E   0x4310             ORRS     R0,R0,R2
   \   00000020   0x....             LDR.N    R1,??DataTable1_1  ;; 0xe000e200
   \   00000022   0x6008             STR      R0,[R1, #+0]
   \   00000024   0xE031             B.N      ??SoftIsr_Open_1
     31            }
     32            else if (irqx < 64)
   \                     ??SoftIsr_Open_0: (+1)
   \   00000026   0xB240             SXTB     R0,R0            ;; SignExt  R0,R0,#+24,#+24
   \   00000028   0x2840             CMP      R0,#+64
   \   0000002A   0xDA0E             BGE.N    ??SoftIsr_Open_2
     33            {
     34              NVIC->ISPR[1] |= ((uint32)1 << (irqx % 32));
   \   0000002C   0xB240             SXTB     R0,R0            ;; SignExt  R0,R0,#+24,#+24
   \   0000002E   0x2120             MOVS     R1,#+32
   \   00000030   0x....             LDR.N    R2,??DataTable1_2  ;; 0xe000e204
   \   00000032   0x6812             LDR      R2,[R2, #+0]
   \   00000034   0x2301             MOVS     R3,#+1
   \   00000036   0xFB90 0xF4F1      SDIV     R4,R0,R1
   \   0000003A   0xFB01 0x0014      MLS      R0,R1,R4,R0
   \   0000003E   0xFA13 0xF000      LSLS     R0,R3,R0
   \   00000042   0x4310             ORRS     R0,R0,R2
   \   00000044   0x....             LDR.N    R1,??DataTable1_2  ;; 0xe000e204
   \   00000046   0x6008             STR      R0,[R1, #+0]
   \   00000048   0xE01F             B.N      ??SoftIsr_Open_1
     35            }
     36            else if (irqx < 96)
   \                     ??SoftIsr_Open_2: (+1)
   \   0000004A   0xB240             SXTB     R0,R0            ;; SignExt  R0,R0,#+24,#+24
   \   0000004C   0x2860             CMP      R0,#+96
   \   0000004E   0xDA0E             BGE.N    ??SoftIsr_Open_3
     37            {
     38              NVIC->ISPR[2] |= ((uint32)1 << (irqx % 32));
   \   00000050   0xB240             SXTB     R0,R0            ;; SignExt  R0,R0,#+24,#+24
   \   00000052   0x2120             MOVS     R1,#+32
   \   00000054   0x....             LDR.N    R2,??DataTable1_3  ;; 0xe000e208
   \   00000056   0x6812             LDR      R2,[R2, #+0]
   \   00000058   0x2301             MOVS     R3,#+1
   \   0000005A   0xFB90 0xF4F1      SDIV     R4,R0,R1
   \   0000005E   0xFB01 0x0014      MLS      R0,R1,R4,R0
   \   00000062   0xFA13 0xF000      LSLS     R0,R3,R0
   \   00000066   0x4310             ORRS     R0,R0,R2
   \   00000068   0x....             LDR.N    R1,??DataTable1_3  ;; 0xe000e208
   \   0000006A   0x6008             STR      R0,[R1, #+0]
   \   0000006C   0xE00D             B.N      ??SoftIsr_Open_1
     39            }
     40            else
     41            {
     42              NVIC->ISPR[3] |= ((uint32)1 << (irqx % 32));
   \                     ??SoftIsr_Open_3: (+1)
   \   0000006E   0xB240             SXTB     R0,R0            ;; SignExt  R0,R0,#+24,#+24
   \   00000070   0x2120             MOVS     R1,#+32
   \   00000072   0x....             LDR.N    R2,??DataTable1_4  ;; 0xe000e20c
   \   00000074   0x6812             LDR      R2,[R2, #+0]
   \   00000076   0x2301             MOVS     R3,#+1
   \   00000078   0xFB90 0xF4F1      SDIV     R4,R0,R1
   \   0000007C   0xFB01 0x0014      MLS      R0,R1,R4,R0
   \   00000080   0xFA13 0xF000      LSLS     R0,R3,R0
   \   00000084   0x4310             ORRS     R0,R0,R2
   \   00000086   0x....             LDR.N    R1,??DataTable1_4  ;; 0xe000e20c
   \   00000088   0x6008             STR      R0,[R1, #+0]
     43            }
     44          }
   \                     ??SoftIsr_Open_1: (+1)
   \   0000008A   0xBC10             POP      {R4}
   \   0000008C   0x4770             BX       LR               ;; return

   \                                 In section .text, align 4, keep-with-next
   \                     ??DataTable1:
   \   00000000   0x........         DC32     gul_time_100us

   \                                 In section .text, align 4, keep-with-next
   \                     ??DataTable1_1:
   \   00000000   0xE000E200         DC32     0xe000e200

   \                                 In section .text, align 4, keep-with-next
   \                     ??DataTable1_2:
   \   00000000   0xE000E204         DC32     0xe000e204

   \                                 In section .text, align 4, keep-with-next
   \                     ??DataTable1_3:
   \   00000000   0xE000E208         DC32     0xe000e208

   \                                 In section .text, align 4, keep-with-next
   \                     ??DataTable1_4:
   \   00000000   0xE000E20C         DC32     0xe000e20c

   Maximum stack usage in bytes:

   .cstack Function
   ------- --------
       0   PIT_Process_100us
       0   PIT_Process_10us
       8   PIT_Process_5ms
         8   -> Infrared_Directional
         8   -> Speed_Control
       0   PIT_Process_5s
       4   SoftIsr_Open


   Section sizes:

   Bytes  Function/Label
   -----  --------------
       4  ??DataTable1
       4  ??DataTable1_1
       4  ??DataTable1_2
       4  ??DataTable1_3
       4  ??DataTable1_4
      12  PIT_Process_100us
       2  PIT_Process_10us
      12  PIT_Process_5ms
       2  PIT_Process_5s
     142  SoftIsr_Open

 
 190 bytes in section .text
 
 190 bytes of CODE memory

Errors: none
Warnings: none
