###############################################################################
#
# IAR ANSI C/C++ Compiler V7.70.1.11437/W32 for ARM       05/Jul/2018  04:17:43
# Copyright 1999-2016 IAR Systems AB.
#
#    Cpu mode     =  thumb
#    Endian       =  little
#    Source file  =  
#        D:\Freescale\信标\Beacon_C1\project\Beacon_XBY\app\device\src\ultrasonic.c
#    Command line =  
#        D:\Freescale\信标\Beacon_C1\project\Beacon_XBY\app\device\src\ultrasonic.c
#        -D LPLD_K60 -lCN
#        D:\Freescale\信标\Beacon_C1\project\Beacon_XBY\iar\FLASH\List -lB
#        D:\Freescale\信标\Beacon_C1\project\Beacon_XBY\iar\FLASH\List -o
#        D:\Freescale\信标\Beacon_C1\project\Beacon_XBY\iar\FLASH\Obj --no_cse
#        --no_unroll --no_inline --no_code_motion --no_tbaa --no_clustering
#        --no_scheduling --debug --endian=little --cpu=Cortex-M4 -e --fpu=None
#        --dlib_config "D:\Program Files (x86)\IAR Systems\Embedded Workbench
#        7.5\arm\INC\c\DLib_Config_Normal.h" -I
#        D:\Freescale\信标\Beacon_C1\project\Beacon_XBY\iar\..\app\ -I
#        D:\Freescale\信标\Beacon_C1\project\Beacon_XBY\iar\..\..\..\lib\CPU\
#        -I
#        D:\Freescale\信标\Beacon_C1\project\Beacon_XBY\iar\..\..\..\lib\common\
#        -I
#        D:\Freescale\信标\Beacon_C1\project\Beacon_XBY\iar\..\..\..\lib\LPLD\
#        -I
#        D:\Freescale\信标\Beacon_C1\project\Beacon_XBY\iar\..\..\..\lib\LPLD\HW\
#        -I
#        D:\Freescale\信标\Beacon_C1\project\Beacon_XBY\iar\..\..\..\lib\LPLD\DEV\
#        -I
#        D:\Freescale\信标\Beacon_C1\project\Beacon_XBY\iar\..\..\..\lib\uCOS-II\Ports\
#        -I
#        D:\Freescale\信标\Beacon_C1\project\Beacon_XBY\iar\..\..\..\lib\uCOS-II\Source\
#        -I
#        D:\Freescale\信标\Beacon_C1\project\Beacon_XBY\iar\..\..\..\lib\FatFs\
#        -I
#        D:\Freescale\信标\Beacon_C1\project\Beacon_XBY\iar\..\..\..\lib\FatFs\option\
#        -I
#        D:\Freescale\信标\Beacon_C1\project\Beacon_XBY\iar\..\..\..\lib\USB\common\
#        -I
#        D:\Freescale\信标\Beacon_C1\project\Beacon_XBY\iar\..\..\..\lib\USB\driver\
#        -I
#        D:\Freescale\信标\Beacon_C1\project\Beacon_XBY\iar\..\..\..\lib\USB\descriptor\
#        -I
#        D:\Freescale\信标\Beacon_C1\project\Beacon_XBY\iar\..\..\..\lib\USB\class\
#        -I
#        D:\Freescale\信标\Beacon_C1\project\Beacon_XBY\iar\..\app\control\inc\
#        -I
#        D:\Freescale\信标\Beacon_C1\project\Beacon_XBY\iar\..\app\control\src\
#        -I
#        D:\Freescale\信标\Beacon_C1\project\Beacon_XBY\iar\..\app\debug\inc\
#        -I
#        D:\Freescale\信标\Beacon_C1\project\Beacon_XBY\iar\..\app\debug\src\
#        -I
#        D:\Freescale\信标\Beacon_C1\project\Beacon_XBY\iar\..\app\device\inc\
#        -I
#        D:\Freescale\信标\Beacon_C1\project\Beacon_XBY\iar\..\app\device\src\
#        -I
#        D:\Freescale\信标\Beacon_C1\project\Beacon_XBY\iar\..\app\driver\inc\
#        -I
#        D:\Freescale\信标\Beacon_C1\project\Beacon_XBY\iar\..\app\driver\src\
#        -I
#        D:\Freescale\信标\Beacon_C1\project\Beacon_XBY\iar\..\app\signal\inc\
#        -I
#        D:\Freescale\信标\Beacon_C1\project\Beacon_XBY\iar\..\app\signal\src\
#        -I D:\Freescale\信标\Beacon_C1\project\Beacon_XBY\iar\..\app\system\
#        -I
#        D:\Freescale\信标\Beacon_C1\project\Beacon_XBY\iar\..\..\..\lib\LPLD\FUNC\
#        -Ol -I "D:\Program Files (x86)\IAR Systems\Embedded Workbench
#        7.5\arm\CMSIS\Include\" -D ARM_MATH_CM4
#    Locale       =  Chinese (Simplified)_China.936
#    List file    =  
#        D:\Freescale\信标\Beacon_C1\project\Beacon_XBY\iar\FLASH\List\ultrasonic.lst
#    Object file  =  
#        D:\Freescale\信标\Beacon_C1\project\Beacon_XBY\iar\FLASH\Obj\ultrasonic.o
#
###############################################################################



 

 


Errors: none
Warnings: none
